  Determining projects to restore...
  All projects are up-to-date for restore.
C:\Users\creat\Documents\My Games\Terraria\tModLoader\ModSources\MagnumOpus\Common\Systems\VFX\Boss\BossEnemyVFXIntegration.cs(147,24): warning CS0649: Field 'BossEnemyVFXIntegration.DeathParticle.Lifetime' is never assigned to, and will always have its default value 0 [C:\Users\creat\Documents\My Games\Terraria\tModLoader\ModSources\MagnumOpus\MagnumOpus.csproj]
C:\Users\creat\Documents\My Games\Terraria\tModLoader\ModSources\MagnumOpus\Common\Systems\VFX\Boss\BossEnemyVFXIntegration.cs(144,26): warning CS0649: Field 'BossEnemyVFXIntegration.DeathParticle.Color' is never assigned to, and will always have its default value [C:\Users\creat\Documents\My Games\Terraria\tModLoader\ModSources\MagnumOpus\MagnumOpus.csproj]
C:\Users\creat\Documents\My Games\Terraria\tModLoader\ModSources\MagnumOpus\Common\Systems\VFX\Boss\BossEnemyVFXIntegration.cs(145,26): warning CS0649: Field 'BossEnemyVFXIntegration.DeathParticle.Rotation' is never assigned to, and will always have its default value 0 [C:\Users\creat\Documents\My Games\Terraria\tModLoader\ModSources\MagnumOpus\MagnumOpus.csproj]
C:\Users\creat\Documents\My Games\Terraria\tModLoader\ModSources\MagnumOpus\Common\Systems\VFX\Boss\BossEnemyVFXIntegration.cs(103,28): warning CS0649: Field 'BossEnemyVFXIntegration.TelegraphElement.LocalPos' is never assigned to, and will always have its default value [C:\Users\creat\Documents\My Games\Terraria\tModLoader\ModSources\MagnumOpus\MagnumOpus.csproj]
C:\Users\creat\Documents\My Games\Terraria\tModLoader\ModSources\MagnumOpus\Common\Systems\VFX\Boss\BossEnemyVFXIntegration.cs(143,26): warning CS0649: Field 'BossEnemyVFXIntegration.DeathParticle.Scale' is never assigned to, and will always have its default value 0 [C:\Users\creat\Documents\My Games\Terraria\tModLoader\ModSources\MagnumOpus\MagnumOpus.csproj]
C:\Users\creat\Documents\My Games\Terraria\tModLoader\ModSources\MagnumOpus\Common\Systems\VFX\Boss\BossEnemyVFXIntegration.cs(146,26): warning CS0649: Field 'BossEnemyVFXIntegration.DeathParticle.RotationSpeed' is never assigned to, and will always have its default value 0 [C:\Users\creat\Documents\My Games\Terraria\tModLoader\ModSources\MagnumOpus\MagnumOpus.csproj]
C:\Users\creat\Documents\My Games\Terraria\tModLoader\ModSources\MagnumOpus\Common\Systems\VFX\Boss\BossEnemyVFXIntegration.cs(142,28): warning CS0649: Field 'BossEnemyVFXIntegration.DeathParticle.Velocity' is never assigned to, and will always have its default value [C:\Users\creat\Documents\My Games\Terraria\tModLoader\ModSources\MagnumOpus\MagnumOpus.csproj]
C:\Users\creat\Documents\My Games\Terraria\tModLoader\ModSources\MagnumOpus\Content\SwanLake\ResonantWeapons\CallofthePearlescentLake\Projectiles\PearlescentRocketProj.cs(40,46): warning CS0649: Field 'PearlescentRocketProj._trailRenderer' is never assigned to, and will always have its default value null [C:\Users\creat\Documents\My Games\Terraria\tModLoader\ModSources\MagnumOpus\MagnumOpus.csproj]
C:\Users\creat\Documents\My Games\Terraria\tModLoader\ModSources\MagnumOpus\Common\Systems\VFX\Boss\BossEnemyVFXIntegration.cs(105,26): warning CS0649: Field 'BossEnemyVFXIntegration.TelegraphElement.Scale' is never assigned to, and will always have its default value 0 [C:\Users\creat\Documents\My Games\Terraria\tModLoader\ModSources\MagnumOpus\MagnumOpus.csproj]
C:\Users\creat\Documents\My Games\Terraria\tModLoader\ModSources\MagnumOpus\Common\Systems\VFX\Boss\BossEnemyVFXIntegration.cs(148,24): warning CS0649: Field 'BossEnemyVFXIntegration.DeathParticle.Timer' is never assigned to, and will always have its default value 0 [C:\Users\creat\Documents\My Games\Terraria\tModLoader\ModSources\MagnumOpus\MagnumOpus.csproj]
C:\Users\creat\Documents\My Games\Terraria\tModLoader\ModSources\MagnumOpus\Common\Systems\VFX\Boss\BossEnemyVFXIntegration.cs(141,28): warning CS0649: Field 'BossEnemyVFXIntegration.DeathParticle.Position' is never assigned to, and will always have its default value [C:\Users\creat\Documents\My Games\Terraria\tModLoader\ModSources\MagnumOpus\MagnumOpus.csproj]
C:\Users\creat\Documents\My Games\Terraria\tModLoader\ModSources\MagnumOpus\Common\Systems\VFX\Boss\BossEnemyVFXIntegration.cs(104,26): warning CS0649: Field 'BossEnemyVFXIntegration.TelegraphElement.Rotation' is never assigned to, and will always have its default value 0 [C:\Users\creat\Documents\My Games\Terraria\tModLoader\ModSources\MagnumOpus\MagnumOpus.csproj]
C:\Users\creat\Documents\My Games\Terraria\tModLoader\ModSources\MagnumOpus\Common\Systems\VFX\Boss\BossEnemyVFXIntegration.cs(106,26): warning CS0649: Field 'BossEnemyVFXIntegration.TelegraphElement.Tint' is never assigned to, and will always have its default value [C:\Users\creat\Documents\My Games\Terraria\tModLoader\ModSources\MagnumOpus\MagnumOpus.csproj]
C:\Users\creat\Documents\My Games\Terraria\tModLoader\ModSources\MagnumOpus\Content\FoundationWeapons\AttackFoundation\ThrowSlamProjectile.cs(43,22): warning CS0414: The field 'ThrowSlamProjectile.hasDealtDamage' is assigned but its value is never used [C:\Users\creat\Documents\My Games\Terraria\tModLoader\ModSources\MagnumOpus\MagnumOpus.csproj]
C:\Users\creat\Documents\My Games\Terraria\tModLoader\ModSources\MagnumOpus\Content\ClairDeLune\Weapons\TemporalPiercer\Utilities\TemporalPiercerUtils.cs(180,71): warning ChangeMagicNumberToID: The number 89 should be changed to ExtrasID.ThePerfectGlow for readability (https://github.com/tModLoader/tModLoader/wiki/tModCodeAssist#changemagicnumbertoid) [C:\Users\creat\Documents\My Games\Terraria\tModLoader\ModSources\MagnumOpus\MagnumOpus.csproj]
C:\Users\creat\Documents\My Games\Terraria\tModLoader\ModSources\MagnumOpus\Content\ClairDeLune\Weapons\AutomatonsTuningFork\Utilities\AutomatonsTuningForkUtils.cs(180,71): warning ChangeMagicNumberToID: The number 89 should be changed to ExtrasID.ThePerfectGlow for readability (https://github.com/tModLoader/tModLoader/wiki/tModCodeAssist#changemagicnumbertoid) [C:\Users\creat\Documents\My Games\Terraria\tModLoader\ModSources\MagnumOpus\MagnumOpus.csproj]
C:\Users\creat\Documents\My Games\Terraria\tModLoader\ModSources\MagnumOpus\Content\ClairDeLune\Weapons\StarfallWhisper\Utilities\StarfallWhisperUtils.cs(180,71): warning ChangeMagicNumberToID: The number 89 should be changed to ExtrasID.ThePerfectGlow for readability (https://github.com/tModLoader/tModLoader/wiki/tModCodeAssist#changemagicnumbertoid) [C:\Users\creat\Documents\My Games\Terraria\tModLoader\ModSources\MagnumOpus\MagnumOpus.csproj]
C:\Users\creat\Documents\My Games\Terraria\tModLoader\ModSources\MagnumOpus\Content\ClairDeLune\Weapons\Chronologicality\Utilities\ChronologicalityUtils.cs(180,71): warning ChangeMagicNumberToID: The number 89 should be changed to ExtrasID.ThePerfectGlow for readability (https://github.com/tModLoader/tModLoader/wiki/tModCodeAssist#changemagicnumbertoid) [C:\Users\creat\Documents\My Games\Terraria\tModLoader\ModSources\MagnumOpus\MagnumOpus.csproj]
C:\Users\creat\Documents\My Games\Terraria\tModLoader\ModSources\MagnumOpus\Content\ClairDeLune\Tools\ClairDeLuneTools.cs(114,34): warning ChangeMagicNumberToID: The number 20 should be changed to ProjAIStyleID.Drill for readability (https://github.com/tModLoader/tModLoader/wiki/tModCodeAssist#changemagicnumbertoid) [C:\Users\creat\Documents\My Games\Terraria\tModLoader\ModSources\MagnumOpus\MagnumOpus.csproj]
C:\Users\creat\Documents\My Games\Terraria\tModLoader\ModSources\MagnumOpus\Content\ClairDeLune\Weapons\ClockworkGrimoire\Utilities\ClockworkGrimoireUtils.cs(180,71): warning ChangeMagicNumberToID: The number 89 should be changed to ExtrasID.ThePerfectGlow for readability (https://github.com/tModLoader/tModLoader/wiki/tModCodeAssist#changemagicnumbertoid) [C:\Users\creat\Documents\My Games\Terraria\tModLoader\ModSources\MagnumOpus\MagnumOpus.csproj]
C:\Users\creat\Documents\My Games\Terraria\tModLoader\ModSources\MagnumOpus\Content\ClairDeLune\Weapons\ClockworkHarmony\Utilities\ClockworkHarmonyUtils.cs(180,71): warning ChangeMagicNumberToID: The number 89 should be changed to ExtrasID.ThePerfectGlow for readability (https://github.com/tModLoader/tModLoader/wiki/tModCodeAssist#changemagicnumbertoid) [C:\Users\creat\Documents\My Games\Terraria\tModLoader\ModSources\MagnumOpus\MagnumOpus.csproj]
C:\Users\creat\Documents\My Games\Terraria\tModLoader\ModSources\MagnumOpus\Content\ClairDeLune\Weapons\RequiemOfTime\Utilities\RequiemOfTimeUtils.cs(180,71): warning ChangeMagicNumberToID: The number 89 should be changed to ExtrasID.ThePerfectGlow for readability (https://github.com/tModLoader/tModLoader/wiki/tModCodeAssist#changemagicnumbertoid) [C:\Users\creat\Documents\My Games\Terraria\tModLoader\ModSources\MagnumOpus\MagnumOpus.csproj]
C:\Users\creat\Documents\My Games\Terraria\tModLoader\ModSources\MagnumOpus\Content\ClairDeLune\Weapons\CogAndHammer\Utilities\CogAndHammerUtils.cs(180,71): warning ChangeMagicNumberToID: The number 89 should be changed to ExtrasID.ThePerfectGlow for readability (https://github.com/tModLoader/tModLoader/wiki/tModCodeAssist#changemagicnumbertoid) [C:\Users\creat\Documents\My Games\Terraria\tModLoader\ModSources\MagnumOpus\MagnumOpus.csproj]
C:\Users\creat\Documents\My Games\Terraria\tModLoader\ModSources\MagnumOpus\Content\DiesIrae\Tools\WrathsDrillProjectile.cs(30,34): warning ChangeMagicNumberToID: The number 20 should be changed to ProjAIStyleID.Drill for readability (https://github.com/tModLoader/tModLoader/wiki/tModCodeAssist#changemagicnumbertoid) [C:\Users\creat\Documents\My Games\Terraria\tModLoader\ModSources\MagnumOpus\MagnumOpus.csproj]
C:\Users\creat\Documents\My Games\Terraria\tModLoader\ModSources\MagnumOpus\Content\ClairDeLune\Weapons\GearDrivenArbiter\Utilities\GearDrivenArbiterUtils.cs(180,71): warning ChangeMagicNumberToID: The number 89 should be changed to ExtrasID.ThePerfectGlow for readability (https://github.com/tModLoader/tModLoader/wiki/tModCodeAssist#changemagicnumbertoid) [C:\Users\creat\Documents\My Games\Terraria\tModLoader\ModSources\MagnumOpus\MagnumOpus.csproj]
C:\Users\creat\Documents\My Games\Terraria\tModLoader\ModSources\MagnumOpus\Content\ClairDeLune\Weapons\LunarPhylactery\Utilities\LunarPhylacteryUtils.cs(180,71): warning ChangeMagicNumberToID: The number 89 should be changed to ExtrasID.ThePerfectGlow for readability (https://github.com/tModLoader/tModLoader/wiki/tModCodeAssist#changemagicnumbertoid) [C:\Users\creat\Documents\My Games\Terraria\tModLoader\ModSources\MagnumOpus\MagnumOpus.csproj]
C:\Users\creat\Documents\My Games\Terraria\tModLoader\ModSources\MagnumOpus\Content\ClairDeLune\Weapons\MidnightMechanism\Utilities\MidnightMechanismUtils.cs(180,71): warning ChangeMagicNumberToID: The number 89 should be changed to ExtrasID.ThePerfectGlow for readability (https://github.com/tModLoader/tModLoader/wiki/tModCodeAssist#changemagicnumbertoid) [C:\Users\creat\Documents\My Games\Terraria\tModLoader\ModSources\MagnumOpus\MagnumOpus.csproj]
C:\Users\creat\Documents\My Games\Terraria\tModLoader\ModSources\MagnumOpus\Content\ClairDeLune\Weapons\OrreryOfDreams\Utilities\OrreryOfDreamsUtils.cs(180,71): warning ChangeMagicNumberToID: The number 89 should be changed to ExtrasID.ThePerfectGlow for readability (https://github.com/tModLoader/tModLoader/wiki/tModCodeAssist#changemagicnumbertoid) [C:\Users\creat\Documents\My Games\Terraria\tModLoader\ModSources\MagnumOpus\MagnumOpus.csproj]
C:\Users\creat\Documents\My Games\Terraria\tModLoader\ModSources\MagnumOpus\Content\SandboxLastPrism\SLPLaserOverride.cs(61,40): warning ChangeMagicNumberToID: The number 632 should be changed to ProjectileID.LastPrismLaser for readability (https://github.com/tModLoader/tModLoader/wiki/tModCodeAssist#changemagicnumbertoid) [C:\Users\creat\Documents\My Games\Terraria\tModLoader\ModSources\MagnumOpus\MagnumOpus.csproj]
C:\Users\creat\Documents\My Games\Terraria\tModLoader\ModSources\MagnumOpus\Content\SandboxLastPrism\SLPLaserOverride.cs(61,144): warning ChangeMagicNumberToID: The number 633 should be changed to ProjectileID.LastPrism for readability (https://github.com/tModLoader/tModLoader/wiki/tModCodeAssist#changemagicnumbertoid) [C:\Users\creat\Documents\My Games\Terraria\tModLoader\ModSources\MagnumOpus\MagnumOpus.csproj]
C:\Users\creat\Documents\My Games\Terraria\tModLoader\ModSources\MagnumOpus\Content\SandboxLastPrism\SLPLaserOverride.cs(137,36): warning ChangeMagicNumberToID: The number 632 should be changed to ProjectileID.LastPrismLaser for readability (https://github.com/tModLoader/tModLoader/wiki/tModCodeAssist#changemagicnumbertoid) [C:\Users\creat\Documents\My Games\Terraria\tModLoader\ModSources\MagnumOpus\MagnumOpus.csproj]
C:\Users\creat\Documents\My Games\Terraria\tModLoader\ModSources\MagnumOpus\Content\SandboxLastPrism\SLPLaserOverride.cs(152,36): warning ChangeMagicNumberToID: The number 455 should be changed to ProjectileID.PhantasmalDeathray for readability (https://github.com/tModLoader/tModLoader/wiki/tModCodeAssist#changemagicnumbertoid) [C:\Users\creat\Documents\My Games\Terraria\tModLoader\ModSources\MagnumOpus\MagnumOpus.csproj]
C:\Users\creat\Documents\My Games\Terraria\tModLoader\ModSources\MagnumOpus\Content\SandboxLastPrism\SLPLaserOverride.cs(155,34): warning ChangeMagicNumberToID: The number 396 should be changed to NPCID.MoonLordHead for readability (https://github.com/tModLoader/tModLoader/wiki/tModCodeAssist#changemagicnumbertoid) [C:\Users\creat\Documents\My Games\Terraria\tModLoader\ModSources\MagnumOpus\MagnumOpus.csproj]
C:\Users\creat\Documents\My Games\Terraria\tModLoader\ModSources\MagnumOpus\Content\SandboxLastPrism\SLPLaserOverride.cs(165,36): warning ChangeMagicNumberToID: The number 632 should be changed to ProjectileID.LastPrismLaser for readability (https://github.com/tModLoader/tModLoader/wiki/tModCodeAssist#changemagicnumbertoid) [C:\Users\creat\Documents\My Games\Terraria\tModLoader\ModSources\MagnumOpus\MagnumOpus.csproj]
C:\Users\creat\Documents\My Games\Terraria\tModLoader\ModSources\MagnumOpus\Content\SandboxLastPrism\SLPLaserOverride.cs(171,36): warning ChangeMagicNumberToID: The number 632 should be changed to ProjectileID.LastPrismLaser for readability (https://github.com/tModLoader/tModLoader/wiki/tModCodeAssist#changemagicnumbertoid) [C:\Users\creat\Documents\My Games\Terraria\tModLoader\ModSources\MagnumOpus\MagnumOpus.csproj]
C:\Users\creat\Documents\My Games\Terraria\tModLoader\ModSources\MagnumOpus\Content\SandboxLastPrism\SLPLaserOverride.cs(189,60): warning ChangeMagicNumberToID: The number 267 should be changed to DustID.RainbowMk2 for readability (https://github.com/tModLoader/tModLoader/wiki/tModCodeAssist#changemagicnumbertoid) [C:\Users\creat\Documents\My Games\Terraria\tModLoader\ModSources\MagnumOpus\MagnumOpus.csproj]
C:\Users\creat\Documents\My Games\Terraria\tModLoader\ModSources\MagnumOpus\Content\SandboxLastPrism\SLPLaserOverride.cs(216,91): warning ChangeMagicNumberToID: The number 31 should be changed to DustID.Smoke for readability (https://github.com/tModLoader/tModLoader/wiki/tModCodeAssist#changemagicnumbertoid) [C:\Users\creat\Documents\My Games\Terraria\tModLoader\ModSources\MagnumOpus\MagnumOpus.csproj]
C:\Users\creat\Documents\My Games\Terraria\tModLoader\ModSources\MagnumOpus\Content\SandboxLastPrism\SLPLaserOverride.cs(226,33): warning ChangeMagicNumberToID: The number 2 should be changed to NetmodeID.Server for readability (https://github.com/tModLoader/tModLoader/wiki/tModCodeAssist#changemagicnumbertoid) [C:\Users\creat\Documents\My Games\Terraria\tModLoader\ModSources\MagnumOpus\MagnumOpus.csproj]
C:\Users\creat\Documents\My Games\Terraria\tModLoader\ModSources\MagnumOpus\Content\OdeToJoy\Tools\OdeToJoyTools.cs(102,34): warning ChangeMagicNumberToID: The number 20 should be changed to ProjAIStyleID.Drill for readability (https://github.com/tModLoader/tModLoader/wiki/tModCodeAssist#changemagicnumbertoid) [C:\Users\creat\Documents\My Games\Terraria\tModLoader\ModSources\MagnumOpus\MagnumOpus.csproj]
C:\Users\creat\Documents\My Games\Terraria\tModLoader\ModSources\MagnumOpus\Content\LaCampanella\ResonantWeapons\PiercingBellsResonance\Projectiles\StaccatoBulletProj.cs(41,34): warning ChangeMagicNumberToID: The number 1 should be changed to ProjAIStyleID.Arrow for readability (https://github.com/tModLoader/tModLoader/wiki/tModCodeAssist#changemagicnumbertoid) [C:\Users\creat\Documents\My Games\Terraria\tModLoader\ModSources\MagnumOpus\MagnumOpus.csproj]
  MagnumOpus -> C:\Users\creat\Documents\My Games\Terraria\tModLoader\ModSources\MagnumOpus\bin\Debug\net8.0\MagnumOpus.dll
  Reading properties: MagnumOpus
  Building: MagnumOpus
  Edit and continue path: C:\Users\creat\Documents\My Games\Terraria\tModLoader\ModSources\MagnumOpus\bin\Debug\net8.0\MagnumOpus.pdb
  Loading pre-compiled MagnumOpus.dll from MagnumOpus.dll
  Packaging: MagnumOpus
tModLoader : Mod Build error TML001: One or more errors occurred. (The process cannot access the file 'C:\Users\creat\Documents\My Games\Terraria\tModLoader\ModSources\MagnumOpus\build_output.txt' because it is being used by another process.) [C:\Users\creat\Documents\My Games\Terraria\tModLoader\ModSources\MagnumOpus\MagnumOpus.csproj]
C:\Users\creat\Downloads\Steam\Steam(2)\steamapps\common\tModLoader\tMLMod.targets(59,3): error MSB3073: The command "dotnet tModLoader.dll -server -build C:\Users\creat\Documents\My Games\Terraria\tModLoader\ModSources\MagnumOpus\ -eac C:\Users\creat\Documents\My Games\Terraria\tModLoader\ModSources\MagnumOpus\bin\Debug\net8.0\MagnumOpus.dll -define "TRACE;JETBRAINS_ANNOTATIONS;TML_2026_01;DEBUG;NET;NET8_0;NETCOREAPP;NET5_0_OR_GREATER;NET6_0_OR_GREATER;NET7_0_OR_GREATER;NET8_0_OR_GREATER;NETCOREAPP1_0_OR_GREATER;NETCOREAPP1_1_OR_GREATER;NETCOREAPP2_0_OR_GREATER;NETCOREAPP2_1_OR_GREATER;NETCOREAPP2_2_OR_GREATER;NETCOREAPP3_0_OR_GREATER;NETCOREAPP3_1_OR_GREATER" -unsafe false " exited with code 1. [C:\Users\creat\Documents\My Games\Terraria\tModLoader\ModSources\MagnumOpus\MagnumOpus.csproj]

Build FAILED.

C:\Users\creat\Documents\My Games\Terraria\tModLoader\ModSources\MagnumOpus\Common\Systems\VFX\Boss\BossEnemyVFXIntegration.cs(147,24): warning CS0649: Field 'BossEnemyVFXIntegration.DeathParticle.Lifetime' is never assigned to, and will always have its default value 0 [C:\Users\creat\Documents\My Games\Terraria\tModLoader\ModSources\MagnumOpus\MagnumOpus.csproj]
C:\Users\creat\Documents\My Games\Terraria\tModLoader\ModSources\MagnumOpus\Common\Systems\VFX\Boss\BossEnemyVFXIntegration.cs(144,26): warning CS0649: Field 'BossEnemyVFXIntegration.DeathParticle.Color' is never assigned to, and will always have its default value [C:\Users\creat\Documents\My Games\Terraria\tModLoader\ModSources\MagnumOpus\MagnumOpus.csproj]
C:\Users\creat\Documents\My Games\Terraria\tModLoader\ModSources\MagnumOpus\Common\Systems\VFX\Boss\BossEnemyVFXIntegration.cs(145,26): warning CS0649: Field 'BossEnemyVFXIntegration.DeathParticle.Rotation' is never assigned to, and will always have its default value 0 [C:\Users\creat\Documents\My Games\Terraria\tModLoader\ModSources\MagnumOpus\MagnumOpus.csproj]
C:\Users\creat\Documents\My Games\Terraria\tModLoader\ModSources\MagnumOpus\Common\Systems\VFX\Boss\BossEnemyVFXIntegration.cs(103,28): warning CS0649: Field 'BossEnemyVFXIntegration.TelegraphElement.LocalPos' is never assigned to, and will always have its default value [C:\Users\creat\Documents\My Games\Terraria\tModLoader\ModSources\MagnumOpus\MagnumOpus.csproj]
C:\Users\creat\Documents\My Games\Terraria\tModLoader\ModSources\MagnumOpus\Common\Systems\VFX\Boss\BossEnemyVFXIntegration.cs(143,26): warning CS0649: Field 'BossEnemyVFXIntegration.DeathParticle.Scale' is never assigned to, and will always have its default value 0 [C:\Users\creat\Documents\My Games\Terraria\tModLoader\ModSources\MagnumOpus\MagnumOpus.csproj]
C:\Users\creat\Documents\My Games\Terraria\tModLoader\ModSources\MagnumOpus\Common\Systems\VFX\Boss\BossEnemyVFXIntegration.cs(146,26): warning CS0649: Field 'BossEnemyVFXIntegration.DeathParticle.RotationSpeed' is never assigned to, and will always have its default value 0 [C:\Users\creat\Documents\My Games\Terraria\tModLoader\ModSources\MagnumOpus\MagnumOpus.csproj]
C:\Users\creat\Documents\My Games\Terraria\tModLoader\ModSources\MagnumOpus\Common\Systems\VFX\Boss\BossEnemyVFXIntegration.cs(142,28): warning CS0649: Field 'BossEnemyVFXIntegration.DeathParticle.Velocity' is never assigned to, and will always have its default value [C:\Users\creat\Documents\My Games\Terraria\tModLoader\ModSources\MagnumOpus\MagnumOpus.csproj]
C:\Users\creat\Documents\My Games\Terraria\tModLoader\ModSources\MagnumOpus\Content\SwanLake\ResonantWeapons\CallofthePearlescentLake\Projectiles\PearlescentRocketProj.cs(40,46): warning CS0649: Field 'PearlescentRocketProj._trailRenderer' is never assigned to, and will always have its default value null [C:\Users\creat\Documents\My Games\Terraria\tModLoader\ModSources\MagnumOpus\MagnumOpus.csproj]
C:\Users\creat\Documents\My Games\Terraria\tModLoader\ModSources\MagnumOpus\Common\Systems\VFX\Boss\BossEnemyVFXIntegration.cs(105,26): warning CS0649: Field 'BossEnemyVFXIntegration.TelegraphElement.Scale' is never assigned to, and will always have its default value 0 [C:\Users\creat\Documents\My Games\Terraria\tModLoader\ModSources\MagnumOpus\MagnumOpus.csproj]
C:\Users\creat\Documents\My Games\Terraria\tModLoader\ModSources\MagnumOpus\Common\Systems\VFX\Boss\BossEnemyVFXIntegration.cs(148,24): warning CS0649: Field 'BossEnemyVFXIntegration.DeathParticle.Timer' is never assigned to, and will always have its default value 0 [C:\Users\creat\Documents\My Games\Terraria\tModLoader\ModSources\MagnumOpus\MagnumOpus.csproj]
C:\Users\creat\Documents\My Games\Terraria\tModLoader\ModSources\MagnumOpus\Common\Systems\VFX\Boss\BossEnemyVFXIntegration.cs(141,28): warning CS0649: Field 'BossEnemyVFXIntegration.DeathParticle.Position' is never assigned to, and will always have its default value [C:\Users\creat\Documents\My Games\Terraria\tModLoader\ModSources\MagnumOpus\MagnumOpus.csproj]
C:\Users\creat\Documents\My Games\Terraria\tModLoader\ModSources\MagnumOpus\Common\Systems\VFX\Boss\BossEnemyVFXIntegration.cs(104,26): warning CS0649: Field 'BossEnemyVFXIntegration.TelegraphElement.Rotation' is never assigned to, and will always have its default value 0 [C:\Users\creat\Documents\My Games\Terraria\tModLoader\ModSources\MagnumOpus\MagnumOpus.csproj]
C:\Users\creat\Documents\My Games\Terraria\tModLoader\ModSources\MagnumOpus\Common\Systems\VFX\Boss\BossEnemyVFXIntegration.cs(106,26): warning CS0649: Field 'BossEnemyVFXIntegration.TelegraphElement.Tint' is never assigned to, and will always have its default value [C:\Users\creat\Documents\My Games\Terraria\tModLoader\ModSources\MagnumOpus\MagnumOpus.csproj]
C:\Users\creat\Documents\My Games\Terraria\tModLoader\ModSources\MagnumOpus\Content\FoundationWeapons\AttackFoundation\ThrowSlamProjectile.cs(43,22): warning CS0414: The field 'ThrowSlamProjectile.hasDealtDamage' is assigned but its value is never used [C:\Users\creat\Documents\My Games\Terraria\tModLoader\ModSources\MagnumOpus\MagnumOpus.csproj]
C:\Users\creat\Documents\My Games\Terraria\tModLoader\ModSources\MagnumOpus\Content\ClairDeLune\Weapons\TemporalPiercer\Utilities\TemporalPiercerUtils.cs(180,71): warning ChangeMagicNumberToID: The number 89 should be changed to ExtrasID.ThePerfectGlow for readability (https://github.com/tModLoader/tModLoader/wiki/tModCodeAssist#changemagicnumbertoid) [C:\Users\creat\Documents\My Games\Terraria\tModLoader\ModSources\MagnumOpus\MagnumOpus.csproj]
C:\Users\creat\Documents\My Games\Terraria\tModLoader\ModSources\MagnumOpus\Content\ClairDeLune\Weapons\AutomatonsTuningFork\Utilities\AutomatonsTuningForkUtils.cs(180,71): warning ChangeMagicNumberToID: The number 89 should be changed to ExtrasID.ThePerfectGlow for readability (https://github.com/tModLoader/tModLoader/wiki/tModCodeAssist#changemagicnumbertoid) [C:\Users\creat\Documents\My Games\Terraria\tModLoader\ModSources\MagnumOpus\MagnumOpus.csproj]
C:\Users\creat\Documents\My Games\Terraria\tModLoader\ModSources\MagnumOpus\Content\ClairDeLune\Weapons\StarfallWhisper\Utilities\StarfallWhisperUtils.cs(180,71): warning ChangeMagicNumberToID: The number 89 should be changed to ExtrasID.ThePerfectGlow for readability (https://github.com/tModLoader/tModLoader/wiki/tModCodeAssist#changemagicnumbertoid) [C:\Users\creat\Documents\My Games\Terraria\tModLoader\ModSources\MagnumOpus\MagnumOpus.csproj]
C:\Users\creat\Documents\My Games\Terraria\tModLoader\ModSources\MagnumOpus\Content\ClairDeLune\Weapons\Chronologicality\Utilities\ChronologicalityUtils.cs(180,71): warning ChangeMagicNumberToID: The number 89 should be changed to ExtrasID.ThePerfectGlow for readability (https://github.com/tModLoader/tModLoader/wiki/tModCodeAssist#changemagicnumbertoid) [C:\Users\creat\Documents\My Games\Terraria\tModLoader\ModSources\MagnumOpus\MagnumOpus.csproj]
C:\Users\creat\Documents\My Games\Terraria\tModLoader\ModSources\MagnumOpus\Content\ClairDeLune\Tools\ClairDeLuneTools.cs(114,34): warning ChangeMagicNumberToID: The number 20 should be changed to ProjAIStyleID.Drill for readability (https://github.com/tModLoader/tModLoader/wiki/tModCodeAssist#changemagicnumbertoid) [C:\Users\creat\Documents\My Games\Terraria\tModLoader\ModSources\MagnumOpus\MagnumOpus.csproj]
C:\Users\creat\Documents\My Games\Terraria\tModLoader\ModSources\MagnumOpus\Content\ClairDeLune\Weapons\ClockworkGrimoire\Utilities\ClockworkGrimoireUtils.cs(180,71): warning ChangeMagicNumberToID: The number 89 should be changed to ExtrasID.ThePerfectGlow for readability (https://github.com/tModLoader/tModLoader/wiki/tModCodeAssist#changemagicnumbertoid) [C:\Users\creat\Documents\My Games\Terraria\tModLoader\ModSources\MagnumOpus\MagnumOpus.csproj]
C:\Users\creat\Documents\My Games\Terraria\tModLoader\ModSources\MagnumOpus\Content\ClairDeLune\Weapons\ClockworkHarmony\Utilities\ClockworkHarmonyUtils.cs(180,71): warning ChangeMagicNumberToID: The number 89 should be changed to ExtrasID.ThePerfectGlow for readability (https://github.com/tModLoader/tModLoader/wiki/tModCodeAssist#changemagicnumbertoid) [C:\Users\creat\Documents\My Games\Terraria\tModLoader\ModSources\MagnumOpus\MagnumOpus.csproj]
C:\Users\creat\Documents\My Games\Terraria\tModLoader\ModSources\MagnumOpus\Content\ClairDeLune\Weapons\RequiemOfTime\Utilities\RequiemOfTimeUtils.cs(180,71): warning ChangeMagicNumberToID: The number 89 should be changed to ExtrasID.ThePerfectGlow for readability (https://github.com/tModLoader/tModLoader/wiki/tModCodeAssist#changemagicnumbertoid) [C:\Users\creat\Documents\My Games\Terraria\tModLoader\ModSources\MagnumOpus\MagnumOpus.csproj]
C:\Users\creat\Documents\My Games\Terraria\tModLoader\ModSources\MagnumOpus\Content\ClairDeLune\Weapons\CogAndHammer\Utilities\CogAndHammerUtils.cs(180,71): warning ChangeMagicNumberToID: The number 89 should be changed to ExtrasID.ThePerfectGlow for readability (https://github.com/tModLoader/tModLoader/wiki/tModCodeAssist#changemagicnumbertoid) [C:\Users\creat\Documents\My Games\Terraria\tModLoader\ModSources\MagnumOpus\MagnumOpus.csproj]
C:\Users\creat\Documents\My Games\Terraria\tModLoader\ModSources\MagnumOpus\Content\DiesIrae\Tools\WrathsDrillProjectile.cs(30,34): warning ChangeMagicNumberToID: The number 20 should be changed to ProjAIStyleID.Drill for readability (https://github.com/tModLoader/tModLoader/wiki/tModCodeAssist#changemagicnumbertoid) [C:\Users\creat\Documents\My Games\Terraria\tModLoader\ModSources\MagnumOpus\MagnumOpus.csproj]
C:\Users\creat\Documents\My Games\Terraria\tModLoader\ModSources\MagnumOpus\Content\ClairDeLune\Weapons\GearDrivenArbiter\Utilities\GearDrivenArbiterUtils.cs(180,71): warning ChangeMagicNumberToID: The number 89 should be changed to ExtrasID.ThePerfectGlow for readability (https://github.com/tModLoader/tModLoader/wiki/tModCodeAssist#changemagicnumbertoid) [C:\Users\creat\Documents\My Games\Terraria\tModLoader\ModSources\MagnumOpus\MagnumOpus.csproj]
C:\Users\creat\Documents\My Games\Terraria\tModLoader\ModSources\MagnumOpus\Content\ClairDeLune\Weapons\LunarPhylactery\Utilities\LunarPhylacteryUtils.cs(180,71): warning ChangeMagicNumberToID: The number 89 should be changed to ExtrasID.ThePerfectGlow for readability (https://github.com/tModLoader/tModLoader/wiki/tModCodeAssist#changemagicnumbertoid) [C:\Users\creat\Documents\My Games\Terraria\tModLoader\ModSources\MagnumOpus\MagnumOpus.csproj]
C:\Users\creat\Documents\My Games\Terraria\tModLoader\ModSources\MagnumOpus\Content\ClairDeLune\Weapons\MidnightMechanism\Utilities\MidnightMechanismUtils.cs(180,71): warning ChangeMagicNumberToID: The number 89 should be changed to ExtrasID.ThePerfectGlow for readability (https://github.com/tModLoader/tModLoader/wiki/tModCodeAssist#changemagicnumbertoid) [C:\Users\creat\Documents\My Games\Terraria\tModLoader\ModSources\MagnumOpus\MagnumOpus.csproj]
C:\Users\creat\Documents\My Games\Terraria\tModLoader\ModSources\MagnumOpus\Content\ClairDeLune\Weapons\OrreryOfDreams\Utilities\OrreryOfDreamsUtils.cs(180,71): warning ChangeMagicNumberToID: The number 89 should be changed to ExtrasID.ThePerfectGlow for readability (https://github.com/tModLoader/tModLoader/wiki/tModCodeAssist#changemagicnumbertoid) [C:\Users\creat\Documents\My Games\Terraria\tModLoader\ModSources\MagnumOpus\MagnumOpus.csproj]
C:\Users\creat\Documents\My Games\Terraria\tModLoader\ModSources\MagnumOpus\Content\SandboxLastPrism\SLPLaserOverride.cs(61,40): warning ChangeMagicNumberToID: The number 632 should be changed to ProjectileID.LastPrismLaser for readability (https://github.com/tModLoader/tModLoader/wiki/tModCodeAssist#changemagicnumbertoid) [C:\Users\creat\Documents\My Games\Terraria\tModLoader\ModSources\MagnumOpus\MagnumOpus.csproj]
C:\Users\creat\Documents\My Games\Terraria\tModLoader\ModSources\MagnumOpus\Content\SandboxLastPrism\SLPLaserOverride.cs(61,144): warning ChangeMagicNumberToID: The number 633 should be changed to ProjectileID.LastPrism for readability (https://github.com/tModLoader/tModLoader/wiki/tModCodeAssist#changemagicnumbertoid) [C:\Users\creat\Documents\My Games\Terraria\tModLoader\ModSources\MagnumOpus\MagnumOpus.csproj]
C:\Users\creat\Documents\My Games\Terraria\tModLoader\ModSources\MagnumOpus\Content\SandboxLastPrism\SLPLaserOverride.cs(137,36): warning ChangeMagicNumberToID: The number 632 should be changed to ProjectileID.LastPrismLaser for readability (https://github.com/tModLoader/tModLoader/wiki/tModCodeAssist#changemagicnumbertoid) [C:\Users\creat\Documents\My Games\Terraria\tModLoader\ModSources\MagnumOpus\MagnumOpus.csproj]
C:\Users\creat\Documents\My Games\Terraria\tModLoader\ModSources\MagnumOpus\Content\SandboxLastPrism\SLPLaserOverride.cs(152,36): warning ChangeMagicNumberToID: The number 455 should be changed to ProjectileID.PhantasmalDeathray for readability (https://github.com/tModLoader/tModLoader/wiki/tModCodeAssist#changemagicnumbertoid) [C:\Users\creat\Documents\My Games\Terraria\tModLoader\ModSources\MagnumOpus\MagnumOpus.csproj]
C:\Users\creat\Documents\My Games\Terraria\tModLoader\ModSources\MagnumOpus\Content\SandboxLastPrism\SLPLaserOverride.cs(155,34): warning ChangeMagicNumberToID: The number 396 should be changed to NPCID.MoonLordHead for readability (https://github.com/tModLoader/tModLoader/wiki/tModCodeAssist#changemagicnumbertoid) [C:\Users\creat\Documents\My Games\Terraria\tModLoader\ModSources\MagnumOpus\MagnumOpus.csproj]
C:\Users\creat\Documents\My Games\Terraria\tModLoader\ModSources\MagnumOpus\Content\SandboxLastPrism\SLPLaserOverride.cs(165,36): warning ChangeMagicNumberToID: The number 632 should be changed to ProjectileID.LastPrismLaser for readability (https://github.com/tModLoader/tModLoader/wiki/tModCodeAssist#changemagicnumbertoid) [C:\Users\creat\Documents\My Games\Terraria\tModLoader\ModSources\MagnumOpus\MagnumOpus.csproj]
C:\Users\creat\Documents\My Games\Terraria\tModLoader\ModSources\MagnumOpus\Content\SandboxLastPrism\SLPLaserOverride.cs(171,36): warning ChangeMagicNumberToID: The number 632 should be changed to ProjectileID.LastPrismLaser for readability (https://github.com/tModLoader/tModLoader/wiki/tModCodeAssist#changemagicnumbertoid) [C:\Users\creat\Documents\My Games\Terraria\tModLoader\ModSources\MagnumOpus\MagnumOpus.csproj]
C:\Users\creat\Documents\My Games\Terraria\tModLoader\ModSources\MagnumOpus\Content\SandboxLastPrism\SLPLaserOverride.cs(189,60): warning ChangeMagicNumberToID: The number 267 should be changed to DustID.RainbowMk2 for readability (https://github.com/tModLoader/tModLoader/wiki/tModCodeAssist#changemagicnumbertoid) [C:\Users\creat\Documents\My Games\Terraria\tModLoader\ModSources\MagnumOpus\MagnumOpus.csproj]
C:\Users\creat\Documents\My Games\Terraria\tModLoader\ModSources\MagnumOpus\Content\SandboxLastPrism\SLPLaserOverride.cs(216,91): warning ChangeMagicNumberToID: The number 31 should be changed to DustID.Smoke for readability (https://github.com/tModLoader/tModLoader/wiki/tModCodeAssist#changemagicnumbertoid) [C:\Users\creat\Documents\My Games\Terraria\tModLoader\ModSources\MagnumOpus\MagnumOpus.csproj]
C:\Users\creat\Documents\My Games\Terraria\tModLoader\ModSources\MagnumOpus\Content\SandboxLastPrism\SLPLaserOverride.cs(226,33): warning ChangeMagicNumberToID: The number 2 should be changed to NetmodeID.Server for readability (https://github.com/tModLoader/tModLoader/wiki/tModCodeAssist#changemagicnumbertoid) [C:\Users\creat\Documents\My Games\Terraria\tModLoader\ModSources\MagnumOpus\MagnumOpus.csproj]
C:\Users\creat\Documents\My Games\Terraria\tModLoader\ModSources\MagnumOpus\Content\OdeToJoy\Tools\OdeToJoyTools.cs(102,34): warning ChangeMagicNumberToID: The number 20 should be changed to ProjAIStyleID.Drill for readability (https://github.com/tModLoader/tModLoader/wiki/tModCodeAssist#changemagicnumbertoid) [C:\Users\creat\Documents\My Games\Terraria\tModLoader\ModSources\MagnumOpus\MagnumOpus.csproj]
C:\Users\creat\Documents\My Games\Terraria\tModLoader\ModSources\MagnumOpus\Content\LaCampanella\ResonantWeapons\PiercingBellsResonance\Projectiles\StaccatoBulletProj.cs(41,34): warning ChangeMagicNumberToID: The number 1 should be changed to ProjAIStyleID.Arrow for readability (https://github.com/tModLoader/tModLoader/wiki/tModCodeAssist#changemagicnumbertoid) [C:\Users\creat\Documents\My Games\Terraria\tModLoader\ModSources\MagnumOpus\MagnumOpus.csproj]
tModLoader : Mod Build error TML001: One or more errors occurred. (The process cannot access the file 'C:\Users\creat\Documents\My Games\Terraria\tModLoader\ModSources\MagnumOpus\build_output.txt' because it is being used by another process.) [C:\Users\creat\Documents\My Games\Terraria\tModLoader\ModSources\MagnumOpus\MagnumOpus.csproj]
C:\Users\creat\Downloads\Steam\Steam(2)\steamapps\common\tModLoader\tMLMod.targets(59,3): error MSB3073: The command "dotnet tModLoader.dll -server -build C:\Users\creat\Documents\My Games\Terraria\tModLoader\ModSources\MagnumOpus\ -eac C:\Users\creat\Documents\My Games\Terraria\tModLoader\ModSources\MagnumOpus\bin\Debug\net8.0\MagnumOpus.dll -define "TRACE;JETBRAINS_ANNOTATIONS;TML_2026_01;DEBUG;NET;NET8_0;NETCOREAPP;NET5_0_OR_GREATER;NET6_0_OR_GREATER;NET7_0_OR_GREATER;NET8_0_OR_GREATER;NETCOREAPP1_0_OR_GREATER;NETCOREAPP1_1_OR_GREATER;NETCOREAPP2_0_OR_GREATER;NETCOREAPP2_1_OR_GREATER;NETCOREAPP2_2_OR_GREATER;NETCOREAPP3_0_OR_GREATER;NETCOREAPP3_1_OR_GREATER" -unsafe false " exited with code 1. [C:\Users\creat\Documents\My Games\Terraria\tModLoader\ModSources\MagnumOpus\MagnumOpus.csproj]
    40 Warning(s)
    2 Error(s)

Time Elapsed 00:00:16.05
