  Determining projects to restore...
  All projects are up-to-date for restore.
C:\Users\creat\Documents\My Games\Terraria\tModLoader\ModSources\MagnumOpus\Content\OdeToJoy\Weapons\RoseThornChainsaw\Projectiles\RoseThornChainsawProjectile.cs(195,44): error CS1002: ; expected [C:\Users\creat\Documents\My Games\Terraria\tModLoader\ModSources\MagnumOpus\MagnumOpus.csproj]
C:\Users\creat\Documents\My Games\Terraria\tModLoader\ModSources\MagnumOpus\Content\OdeToJoy\Weapons\FountainOfJoyousHarmony\FountainOfJoyousHarmony.cs(70,34): error CS1002: ; expected [C:\Users\creat\Documents\My Games\Terraria\tModLoader\ModSources\MagnumOpus\MagnumOpus.csproj]
C:\Users\creat\Documents\My Games\Terraria\tModLoader\ModSources\MagnumOpus\Content\OdeToJoy\Weapons\TheStandingOvation\Projectiles\OvationProjectiles.cs(240,27): error CS1002: ; expected [C:\Users\creat\Documents\My Games\Terraria\tModLoader\ModSources\MagnumOpus\MagnumOpus.csproj]
C:\Users\creat\Documents\My Games\Terraria\tModLoader\ModSources\MagnumOpus\Content\OdeToJoy\Weapons\RoseThornChainsaw\Projectiles\RoseThornChainsawProjectile.cs(254,44): error CS1002: ; expected [C:\Users\creat\Documents\My Games\Terraria\tModLoader\ModSources\MagnumOpus\MagnumOpus.csproj]
C:\Users\creat\Documents\My Games\Terraria\tModLoader\ModSources\MagnumOpus\Content\OdeToJoy\Weapons\RoseThornChainsaw\Projectiles\RoseThornChainsawProjectile.cs(488,49): error CS1002: ; expected [C:\Users\creat\Documents\My Games\Terraria\tModLoader\ModSources\MagnumOpus\MagnumOpus.csproj]
C:\Users\creat\Documents\My Games\Terraria\tModLoader\ModSources\MagnumOpus\Content\OdeToJoy\Weapons\FountainOfJoyousHarmony\FountainOfJoyousHarmony.cs(70,34): error CS1513: } expected [C:\Users\creat\Documents\My Games\Terraria\tModLoader\ModSources\MagnumOpus\MagnumOpus.csproj]
C:\Users\creat\Documents\My Games\Terraria\tModLoader\ModSources\MagnumOpus\Content\OdeToJoy\Weapons\FountainOfJoyousHarmony\FountainOfJoyousHarmony.cs(70,41): error CS1002: ; expected [C:\Users\creat\Documents\My Games\Terraria\tModLoader\ModSources\MagnumOpus\MagnumOpus.csproj]
C:\Users\creat\Documents\My Games\Terraria\tModLoader\ModSources\MagnumOpus\Content\OdeToJoy\Weapons\FountainOfJoyousHarmony\FountainOfJoyousHarmony.cs(70,41): error CS1513: } expected [C:\Users\creat\Documents\My Games\Terraria\tModLoader\ModSources\MagnumOpus\MagnumOpus.csproj]
C:\Users\creat\Documents\My Games\Terraria\tModLoader\ModSources\MagnumOpus\Content\OdeToJoy\Weapons\FountainOfJoyousHarmony\FountainOfJoyousHarmony.cs(70,45): error CS1002: ; expected [C:\Users\creat\Documents\My Games\Terraria\tModLoader\ModSources\MagnumOpus\MagnumOpus.csproj]
C:\Users\creat\Documents\My Games\Terraria\tModLoader\ModSources\MagnumOpus\Content\OdeToJoy\Weapons\FountainOfJoyousHarmony\FountainOfJoyousHarmony.cs(70,45): error CS1513: } expected [C:\Users\creat\Documents\My Games\Terraria\tModLoader\ModSources\MagnumOpus\MagnumOpus.csproj]
C:\Users\creat\Documents\My Games\Terraria\tModLoader\ModSources\MagnumOpus\Content\OdeToJoy\Weapons\TheStandingOvation\Projectiles\OvationProjectiles.cs(240,27): error CS1513: } expected [C:\Users\creat\Documents\My Games\Terraria\tModLoader\ModSources\MagnumOpus\MagnumOpus.csproj]
C:\Users\creat\Documents\My Games\Terraria\tModLoader\ModSources\MagnumOpus\Content\OdeToJoy\Weapons\FountainOfJoyousHarmony\FountainOfJoyousHarmony.cs(70,54): error CS1002: ; expected [C:\Users\creat\Documents\My Games\Terraria\tModLoader\ModSources\MagnumOpus\MagnumOpus.csproj]
C:\Users\creat\Documents\My Games\Terraria\tModLoader\ModSources\MagnumOpus\Content\OdeToJoy\Weapons\FountainOfJoyousHarmony\FountainOfJoyousHarmony.cs(70,54): error CS1513: } expected [C:\Users\creat\Documents\My Games\Terraria\tModLoader\ModSources\MagnumOpus\MagnumOpus.csproj]
C:\Users\creat\Documents\My Games\Terraria\tModLoader\ModSources\MagnumOpus\Content\OdeToJoy\Weapons\FountainOfJoyousHarmony\FountainOfJoyousHarmony.cs(70,60): error CS1002: ; expected [C:\Users\creat\Documents\My Games\Terraria\tModLoader\ModSources\MagnumOpus\MagnumOpus.csproj]
C:\Users\creat\Documents\My Games\Terraria\tModLoader\ModSources\MagnumOpus\Content\OdeToJoy\Weapons\FountainOfJoyousHarmony\FountainOfJoyousHarmony.cs(70,60): error CS1513: } expected [C:\Users\creat\Documents\My Games\Terraria\tModLoader\ModSources\MagnumOpus\MagnumOpus.csproj]
C:\Users\creat\Documents\My Games\Terraria\tModLoader\ModSources\MagnumOpus\Content\OdeToJoy\Weapons\RoseThornChainsaw\Projectiles\RoseThornChainsawProjectile.cs(488,49): error CS1513: } expected [C:\Users\creat\Documents\My Games\Terraria\tModLoader\ModSources\MagnumOpus\MagnumOpus.csproj]
C:\Users\creat\Documents\My Games\Terraria\tModLoader\ModSources\MagnumOpus\Content\OdeToJoy\Weapons\TheStandingOvation\Projectiles\OvationProjectiles.cs(240,31): error CS1002: ; expected [C:\Users\creat\Documents\My Games\Terraria\tModLoader\ModSources\MagnumOpus\MagnumOpus.csproj]
C:\Users\creat\Documents\My Games\Terraria\tModLoader\ModSources\MagnumOpus\Content\OdeToJoy\Weapons\TheStandingOvation\Projectiles\OvationProjectiles.cs(240,31): error CS1513: } expected [C:\Users\creat\Documents\My Games\Terraria\tModLoader\ModSources\MagnumOpus\MagnumOpus.csproj]
C:\Users\creat\Documents\My Games\Terraria\tModLoader\ModSources\MagnumOpus\Content\OdeToJoy\Weapons\TheStandingOvation\Projectiles\OvationProjectiles.cs(240,36): error CS1002: ; expected [C:\Users\creat\Documents\My Games\Terraria\tModLoader\ModSources\MagnumOpus\MagnumOpus.csproj]
C:\Users\creat\Documents\My Games\Terraria\tModLoader\ModSources\MagnumOpus\Content\OdeToJoy\Weapons\RoseThornChainsaw\Projectiles\RoseThornChainsawProjectile.cs(489,60): error CS1002: ; expected [C:\Users\creat\Documents\My Games\Terraria\tModLoader\ModSources\MagnumOpus\MagnumOpus.csproj]
C:\Users\creat\Documents\My Games\Terraria\tModLoader\ModSources\MagnumOpus\Content\OdeToJoy\Weapons\TheStandingOvation\Projectiles\OvationProjectiles.cs(240,36): error CS1513: } expected [C:\Users\creat\Documents\My Games\Terraria\tModLoader\ModSources\MagnumOpus\MagnumOpus.csproj]
C:\Users\creat\Documents\My Games\Terraria\tModLoader\ModSources\MagnumOpus\Content\OdeToJoy\Weapons\RoseThornChainsaw\Projectiles\RoseThornChainsawProjectile.cs(489,60): error CS1513: } expected [C:\Users\creat\Documents\My Games\Terraria\tModLoader\ModSources\MagnumOpus\MagnumOpus.csproj]
C:\Users\creat\Documents\My Games\Terraria\tModLoader\ModSources\MagnumOpus\Content\OdeToJoy\Weapons\TheStandingOvation\Projectiles\OvationProjectiles.cs(240,45): error CS1002: ; expected [C:\Users\creat\Documents\My Games\Terraria\tModLoader\ModSources\MagnumOpus\MagnumOpus.csproj]
C:\Users\creat\Documents\My Games\Terraria\tModLoader\ModSources\MagnumOpus\Content\OdeToJoy\Weapons\TheStandingOvation\Projectiles\OvationProjectiles.cs(240,45): error CS1513: } expected [C:\Users\creat\Documents\My Games\Terraria\tModLoader\ModSources\MagnumOpus\MagnumOpus.csproj]
C:\Users\creat\Documents\My Games\Terraria\tModLoader\ModSources\MagnumOpus\Content\OdeToJoy\Weapons\TheStandingOvation\Projectiles\OvationProjectiles.cs(240,51): error CS1002: ; expected [C:\Users\creat\Documents\My Games\Terraria\tModLoader\ModSources\MagnumOpus\MagnumOpus.csproj]
C:\Users\creat\Documents\My Games\Terraria\tModLoader\ModSources\MagnumOpus\Content\OdeToJoy\Weapons\FountainOfJoyousHarmony\FountainOfJoyousHarmony.cs(79,21): error CS1519: Invalid token 'return' in a member declaration [C:\Users\creat\Documents\My Games\Terraria\tModLoader\ModSources\MagnumOpus\MagnumOpus.csproj]
C:\Users\creat\Documents\My Games\Terraria\tModLoader\ModSources\MagnumOpus\Content\OdeToJoy\Weapons\TheStandingOvation\Projectiles\OvationProjectiles.cs(240,51): error CS1513: } expected [C:\Users\creat\Documents\My Games\Terraria\tModLoader\ModSources\MagnumOpus\MagnumOpus.csproj]
C:\Users\creat\Documents\My Games\Terraria\tModLoader\ModSources\MagnumOpus\Content\OdeToJoy\Weapons\FountainOfJoyousHarmony\FountainOfJoyousHarmony.cs(84,13): error CS8803: Top-level statements must precede namespace and type declarations. [C:\Users\creat\Documents\My Games\Terraria\tModLoader\ModSources\MagnumOpus\MagnumOpus.csproj]
C:\Users\creat\Documents\My Games\Terraria\tModLoader\ModSources\MagnumOpus\Content\OdeToJoy\Weapons\FountainOfJoyousHarmony\FountainOfJoyousHarmony.cs(91,26): error CS1002: ; expected [C:\Users\creat\Documents\My Games\Terraria\tModLoader\ModSources\MagnumOpus\MagnumOpus.csproj]
C:\Users\creat\Documents\My Games\Terraria\tModLoader\ModSources\MagnumOpus\Content\OdeToJoy\Weapons\FountainOfJoyousHarmony\FountainOfJoyousHarmony.cs(91,26): error CS1513: } expected [C:\Users\creat\Documents\My Games\Terraria\tModLoader\ModSources\MagnumOpus\MagnumOpus.csproj]
C:\Users\creat\Documents\My Games\Terraria\tModLoader\ModSources\MagnumOpus\Content\OdeToJoy\Weapons\TheStandingOvation\Projectiles\OvationProjectiles.cs(363,26): error CS1002: ; expected [C:\Users\creat\Documents\My Games\Terraria\tModLoader\ModSources\MagnumOpus\MagnumOpus.csproj]
C:\Users\creat\Documents\My Games\Terraria\tModLoader\ModSources\MagnumOpus\Content\OdeToJoy\Weapons\FountainOfJoyousHarmony\FountainOfJoyousHarmony.cs(91,33): error CS1002: ; expected [C:\Users\creat\Documents\My Games\Terraria\tModLoader\ModSources\MagnumOpus\MagnumOpus.csproj]
C:\Users\creat\Documents\My Games\Terraria\tModLoader\ModSources\MagnumOpus\Content\OdeToJoy\Weapons\TheStandingOvation\Projectiles\OvationProjectiles.cs(363,26): error CS1513: } expected [C:\Users\creat\Documents\My Games\Terraria\tModLoader\ModSources\MagnumOpus\MagnumOpus.csproj]
C:\Users\creat\Documents\My Games\Terraria\tModLoader\ModSources\MagnumOpus\Content\OdeToJoy\Weapons\FountainOfJoyousHarmony\FountainOfJoyousHarmony.cs(91,33): error CS1513: } expected [C:\Users\creat\Documents\My Games\Terraria\tModLoader\ModSources\MagnumOpus\MagnumOpus.csproj]
C:\Users\creat\Documents\My Games\Terraria\tModLoader\ModSources\MagnumOpus\Content\OdeToJoy\Weapons\FountainOfJoyousHarmony\FountainOfJoyousHarmony.cs(91,37): error CS1002: ; expected [C:\Users\creat\Documents\My Games\Terraria\tModLoader\ModSources\MagnumOpus\MagnumOpus.csproj]
C:\Users\creat\Documents\My Games\Terraria\tModLoader\ModSources\MagnumOpus\Content\OdeToJoy\Weapons\TheStandingOvation\Projectiles\OvationProjectiles.cs(363,33): error CS1002: ; expected [C:\Users\creat\Documents\My Games\Terraria\tModLoader\ModSources\MagnumOpus\MagnumOpus.csproj]
C:\Users\creat\Documents\My Games\Terraria\tModLoader\ModSources\MagnumOpus\Content\OdeToJoy\Weapons\FountainOfJoyousHarmony\FountainOfJoyousHarmony.cs(91,37): error CS1513: } expected [C:\Users\creat\Documents\My Games\Terraria\tModLoader\ModSources\MagnumOpus\MagnumOpus.csproj]
C:\Users\creat\Documents\My Games\Terraria\tModLoader\ModSources\MagnumOpus\Content\OdeToJoy\Weapons\TheStandingOvation\Projectiles\OvationProjectiles.cs(363,33): error CS1513: } expected [C:\Users\creat\Documents\My Games\Terraria\tModLoader\ModSources\MagnumOpus\MagnumOpus.csproj]
C:\Users\creat\Documents\My Games\Terraria\tModLoader\ModSources\MagnumOpus\Content\OdeToJoy\Weapons\FountainOfJoyousHarmony\FountainOfJoyousHarmony.cs(91,46): error CS1002: ; expected [C:\Users\creat\Documents\My Games\Terraria\tModLoader\ModSources\MagnumOpus\MagnumOpus.csproj]
C:\Users\creat\Documents\My Games\Terraria\tModLoader\ModSources\MagnumOpus\Content\OdeToJoy\Weapons\TheStandingOvation\Projectiles\OvationProjectiles.cs(363,37): error CS1002: ; expected [C:\Users\creat\Documents\My Games\Terraria\tModLoader\ModSources\MagnumOpus\MagnumOpus.csproj]
C:\Users\creat\Documents\My Games\Terraria\tModLoader\ModSources\MagnumOpus\Content\OdeToJoy\Weapons\FountainOfJoyousHarmony\FountainOfJoyousHarmony.cs(91,46): error CS1513: } expected [C:\Users\creat\Documents\My Games\Terraria\tModLoader\ModSources\MagnumOpus\MagnumOpus.csproj]
C:\Users\creat\Documents\My Games\Terraria\tModLoader\ModSources\MagnumOpus\Content\OdeToJoy\Weapons\TheStandingOvation\Projectiles\OvationProjectiles.cs(363,37): error CS1513: } expected [C:\Users\creat\Documents\My Games\Terraria\tModLoader\ModSources\MagnumOpus\MagnumOpus.csproj]
C:\Users\creat\Documents\My Games\Terraria\tModLoader\ModSources\MagnumOpus\Content\OdeToJoy\Weapons\FountainOfJoyousHarmony\FountainOfJoyousHarmony.cs(91,52): error CS1002: ; expected [C:\Users\creat\Documents\My Games\Terraria\tModLoader\ModSources\MagnumOpus\MagnumOpus.csproj]
C:\Users\creat\Documents\My Games\Terraria\tModLoader\ModSources\MagnumOpus\Content\OdeToJoy\Weapons\TheStandingOvation\Projectiles\OvationProjectiles.cs(363,46): error CS1002: ; expected [C:\Users\creat\Documents\My Games\Terraria\tModLoader\ModSources\MagnumOpus\MagnumOpus.csproj]
C:\Users\creat\Documents\My Games\Terraria\tModLoader\ModSources\MagnumOpus\Content\OdeToJoy\Weapons\TheStandingOvation\Projectiles\OvationProjectiles.cs(363,46): error CS1513: } expected [C:\Users\creat\Documents\My Games\Terraria\tModLoader\ModSources\MagnumOpus\MagnumOpus.csproj]
C:\Users\creat\Documents\My Games\Terraria\tModLoader\ModSources\MagnumOpus\Content\OdeToJoy\Weapons\TheStandingOvation\Projectiles\OvationProjectiles.cs(363,52): error CS1002: ; expected [C:\Users\creat\Documents\My Games\Terraria\tModLoader\ModSources\MagnumOpus\MagnumOpus.csproj]
C:\Users\creat\Documents\My Games\Terraria\tModLoader\ModSources\MagnumOpus\Content\OdeToJoy\Weapons\TheStandingOvation\Projectiles\OvationProjectiles.cs(363,52): error CS1513: } expected [C:\Users\creat\Documents\My Games\Terraria\tModLoader\ModSources\MagnumOpus\MagnumOpus.csproj]
C:\Users\creat\Documents\My Games\Terraria\tModLoader\ModSources\MagnumOpus\Content\OdeToJoy\Weapons\TheStandingOvation\Projectiles\OvationProjectiles.cs(368,9): error CS1519: Invalid token '}' in a member declaration [C:\Users\creat\Documents\My Games\Terraria\tModLoader\ModSources\MagnumOpus\MagnumOpus.csproj]
C:\Users\creat\Documents\My Games\Terraria\tModLoader\ModSources\MagnumOpus\Content\OdeToJoy\Weapons\TheStandingOvation\Projectiles\OvationProjectiles.cs(375,6): error CS1513: } expected [C:\Users\creat\Documents\My Games\Terraria\tModLoader\ModSources\MagnumOpus\MagnumOpus.csproj]
C:\Users\creat\Documents\My Games\Terraria\tModLoader\ModSources\MagnumOpus\Content\OdeToJoy\Weapons\TheStandingOvation\Projectiles\OvationProjectiles.cs(481,1): error CS1022: Type or namespace definition, or end-of-file expected [C:\Users\creat\Documents\My Games\Terraria\tModLoader\ModSources\MagnumOpus\MagnumOpus.csproj]
C:\Users\creat\Documents\My Games\Terraria\tModLoader\ModSources\MagnumOpus\Content\OdeToJoy\Weapons\FountainOfJoyousHarmony\FountainOfJoyousHarmony.cs(91,52): error CS1513: } expected [C:\Users\creat\Documents\My Games\Terraria\tModLoader\ModSources\MagnumOpus\MagnumOpus.csproj]
C:\Users\creat\Documents\My Games\Terraria\tModLoader\ModSources\MagnumOpus\Content\OdeToJoy\Weapons\FountainOfJoyousHarmony\FountainOfJoyousHarmony.cs(91,52): error CS1022: Type or namespace definition, or end-of-file expected [C:\Users\creat\Documents\My Games\Terraria\tModLoader\ModSources\MagnumOpus\MagnumOpus.csproj]
C:\Users\creat\Documents\My Games\Terraria\tModLoader\ModSources\MagnumOpus\Content\OdeToJoy\Weapons\FountainOfJoyousHarmony\FountainOfJoyousHarmony.cs(93,13): error CS1022: Type or namespace definition, or end-of-file expected [C:\Users\creat\Documents\My Games\Terraria\tModLoader\ModSources\MagnumOpus\MagnumOpus.csproj]
C:\Users\creat\Documents\My Games\Terraria\tModLoader\ModSources\MagnumOpus\Content\OdeToJoy\Weapons\FountainOfJoyousHarmony\FountainOfJoyousHarmony.cs(96,9): error CS1022: Type or namespace definition, or end-of-file expected [C:\Users\creat\Documents\My Games\Terraria\tModLoader\ModSources\MagnumOpus\MagnumOpus.csproj]
C:\Users\creat\Documents\My Games\Terraria\tModLoader\ModSources\MagnumOpus\Content\OdeToJoy\Weapons\FountainOfJoyousHarmony\FountainOfJoyousHarmony.cs(122,5): error CS1022: Type or namespace definition, or end-of-file expected [C:\Users\creat\Documents\My Games\Terraria\tModLoader\ModSources\MagnumOpus\MagnumOpus.csproj]
C:\Users\creat\Documents\My Games\Terraria\tModLoader\ModSources\MagnumOpus\Content\OdeToJoy\Weapons\FountainOfJoyousHarmony\FountainOfJoyousHarmony.cs(123,1): error CS1022: Type or namespace definition, or end-of-file expected [C:\Users\creat\Documents\My Games\Terraria\tModLoader\ModSources\MagnumOpus\MagnumOpus.csproj]
C:\Users\creat\Documents\My Games\Terraria\tModLoader\ModSources\MagnumOpus\Content\OdeToJoy\Weapons\TheStandingOvation\TheStandingOvation.cs(71,28): error CS1002: ; expected [C:\Users\creat\Documents\My Games\Terraria\tModLoader\ModSources\MagnumOpus\MagnumOpus.csproj]
C:\Users\creat\Documents\My Games\Terraria\tModLoader\ModSources\MagnumOpus\Content\OdeToJoy\Weapons\FountainOfJoyousHarmony\Projectiles\FountainProjectiles.cs(167,26): error CS1002: ; expected [C:\Users\creat\Documents\My Games\Terraria\tModLoader\ModSources\MagnumOpus\MagnumOpus.csproj]
C:\Users\creat\Documents\My Games\Terraria\tModLoader\ModSources\MagnumOpus\Content\OdeToJoy\Weapons\TheStandingOvation\TheStandingOvation.cs(71,28): error CS1513: } expected [C:\Users\creat\Documents\My Games\Terraria\tModLoader\ModSources\MagnumOpus\MagnumOpus.csproj]
C:\Users\creat\Documents\My Games\Terraria\tModLoader\ModSources\MagnumOpus\Content\OdeToJoy\Weapons\FountainOfJoyousHarmony\Projectiles\FountainProjectiles.cs(167,26): error CS1513: } expected [C:\Users\creat\Documents\My Games\Terraria\tModLoader\ModSources\MagnumOpus\MagnumOpus.csproj]
C:\Users\creat\Documents\My Games\Terraria\tModLoader\ModSources\MagnumOpus\Content\OdeToJoy\Weapons\FountainOfJoyousHarmony\Projectiles\FountainProjectiles.cs(167,33): error CS1002: ; expected [C:\Users\creat\Documents\My Games\Terraria\tModLoader\ModSources\MagnumOpus\MagnumOpus.csproj]
C:\Users\creat\Documents\My Games\Terraria\tModLoader\ModSources\MagnumOpus\Content\OdeToJoy\Weapons\TheStandingOvation\TheStandingOvation.cs(71,34): error CS1002: ; expected [C:\Users\creat\Documents\My Games\Terraria\tModLoader\ModSources\MagnumOpus\MagnumOpus.csproj]
C:\Users\creat\Documents\My Games\Terraria\tModLoader\ModSources\MagnumOpus\Content\OdeToJoy\Weapons\FountainOfJoyousHarmony\Projectiles\FountainProjectiles.cs(167,33): error CS1513: } expected [C:\Users\creat\Documents\My Games\Terraria\tModLoader\ModSources\MagnumOpus\MagnumOpus.csproj]
C:\Users\creat\Documents\My Games\Terraria\tModLoader\ModSources\MagnumOpus\Content\OdeToJoy\Weapons\TheStandingOvation\TheStandingOvation.cs(71,34): error CS1513: } expected [C:\Users\creat\Documents\My Games\Terraria\tModLoader\ModSources\MagnumOpus\MagnumOpus.csproj]
C:\Users\creat\Documents\My Games\Terraria\tModLoader\ModSources\MagnumOpus\Content\OdeToJoy\Weapons\FountainOfJoyousHarmony\Projectiles\FountainProjectiles.cs(167,37): error CS1002: ; expected [C:\Users\creat\Documents\My Games\Terraria\tModLoader\ModSources\MagnumOpus\MagnumOpus.csproj]
C:\Users\creat\Documents\My Games\Terraria\tModLoader\ModSources\MagnumOpus\Content\OdeToJoy\Weapons\FountainOfJoyousHarmony\Projectiles\FountainProjectiles.cs(167,37): error CS1513: } expected [C:\Users\creat\Documents\My Games\Terraria\tModLoader\ModSources\MagnumOpus\MagnumOpus.csproj]
C:\Users\creat\Documents\My Games\Terraria\tModLoader\ModSources\MagnumOpus\Content\OdeToJoy\Weapons\FountainOfJoyousHarmony\Projectiles\FountainProjectiles.cs(167,46): error CS1002: ; expected [C:\Users\creat\Documents\My Games\Terraria\tModLoader\ModSources\MagnumOpus\MagnumOpus.csproj]
C:\Users\creat\Documents\My Games\Terraria\tModLoader\ModSources\MagnumOpus\Content\OdeToJoy\Weapons\FountainOfJoyousHarmony\Projectiles\FountainProjectiles.cs(167,46): error CS1513: } expected [C:\Users\creat\Documents\My Games\Terraria\tModLoader\ModSources\MagnumOpus\MagnumOpus.csproj]
C:\Users\creat\Documents\My Games\Terraria\tModLoader\ModSources\MagnumOpus\Content\OdeToJoy\Weapons\TheStandingOvation\TheStandingOvation.cs(79,13): error CS1519: Invalid token 'return' in a member declaration [C:\Users\creat\Documents\My Games\Terraria\tModLoader\ModSources\MagnumOpus\MagnumOpus.csproj]
C:\Users\creat\Documents\My Games\Terraria\tModLoader\ModSources\MagnumOpus\Content\OdeToJoy\Weapons\FountainOfJoyousHarmony\Projectiles\FountainProjectiles.cs(167,52): error CS1002: ; expected [C:\Users\creat\Documents\My Games\Terraria\tModLoader\ModSources\MagnumOpus\MagnumOpus.csproj]
C:\Users\creat\Documents\My Games\Terraria\tModLoader\ModSources\MagnumOpus\Content\OdeToJoy\Weapons\FountainOfJoyousHarmony\Projectiles\FountainProjectiles.cs(167,52): error CS1513: } expected [C:\Users\creat\Documents\My Games\Terraria\tModLoader\ModSources\MagnumOpus\MagnumOpus.csproj]
C:\Users\creat\Documents\My Games\Terraria\tModLoader\ModSources\MagnumOpus\Content\OdeToJoy\Weapons\TheStandingOvation\TheStandingOvation.cs(80,9): error CS1519: Invalid token '}' in a member declaration [C:\Users\creat\Documents\My Games\Terraria\tModLoader\ModSources\MagnumOpus\MagnumOpus.csproj]
C:\Users\creat\Documents\My Games\Terraria\tModLoader\ModSources\MagnumOpus\Content\OdeToJoy\Weapons\FountainOfJoyousHarmony\Projectiles\FountainProjectiles.cs(179,28): error CS1002: ; expected [C:\Users\creat\Documents\My Games\Terraria\tModLoader\ModSources\MagnumOpus\MagnumOpus.csproj]
C:\Users\creat\Documents\My Games\Terraria\tModLoader\ModSources\MagnumOpus\Content\OdeToJoy\Weapons\FountainOfJoyousHarmony\Projectiles\FountainProjectiles.cs(179,28): error CS1513: } expected [C:\Users\creat\Documents\My Games\Terraria\tModLoader\ModSources\MagnumOpus\MagnumOpus.csproj]
C:\Users\creat\Documents\My Games\Terraria\tModLoader\ModSources\MagnumOpus\Content\OdeToJoy\Weapons\FountainOfJoyousHarmony\Projectiles\FountainProjectiles.cs(179,34): error CS1002: ; expected [C:\Users\creat\Documents\My Games\Terraria\tModLoader\ModSources\MagnumOpus\MagnumOpus.csproj]
C:\Users\creat\Documents\My Games\Terraria\tModLoader\ModSources\MagnumOpus\Content\OdeToJoy\Weapons\FountainOfJoyousHarmony\Projectiles\FountainProjectiles.cs(179,34): error CS1513: } expected [C:\Users\creat\Documents\My Games\Terraria\tModLoader\ModSources\MagnumOpus\MagnumOpus.csproj]
C:\Users\creat\Documents\My Games\Terraria\tModLoader\ModSources\MagnumOpus\Content\OdeToJoy\Weapons\TheStandingOvation\TheStandingOvation.cs(90,23): error CS1002: ; expected [C:\Users\creat\Documents\My Games\Terraria\tModLoader\ModSources\MagnumOpus\MagnumOpus.csproj]
C:\Users\creat\Documents\My Games\Terraria\tModLoader\ModSources\MagnumOpus\Content\OdeToJoy\Weapons\TheStandingOvation\TheStandingOvation.cs(90,23): error CS1513: } expected [C:\Users\creat\Documents\My Games\Terraria\tModLoader\ModSources\MagnumOpus\MagnumOpus.csproj]
C:\Users\creat\Documents\My Games\Terraria\tModLoader\ModSources\MagnumOpus\Content\OdeToJoy\Weapons\TheStandingOvation\TheStandingOvation.cs(90,28): error CS1002: ; expected [C:\Users\creat\Documents\My Games\Terraria\tModLoader\ModSources\MagnumOpus\MagnumOpus.csproj]
C:\Users\creat\Documents\My Games\Terraria\tModLoader\ModSources\MagnumOpus\Content\OdeToJoy\Weapons\TheStandingOvation\TheStandingOvation.cs(90,28): error CS1513: } expected [C:\Users\creat\Documents\My Games\Terraria\tModLoader\ModSources\MagnumOpus\MagnumOpus.csproj]
C:\Users\creat\Documents\My Games\Terraria\tModLoader\ModSources\MagnumOpus\Content\OdeToJoy\Weapons\FountainOfJoyousHarmony\Projectiles\FountainProjectiles.cs(297,26): error CS1002: ; expected [C:\Users\creat\Documents\My Games\Terraria\tModLoader\ModSources\MagnumOpus\MagnumOpus.csproj]
C:\Users\creat\Documents\My Games\Terraria\tModLoader\ModSources\MagnumOpus\Content\OdeToJoy\Weapons\FountainOfJoyousHarmony\Projectiles\FountainProjectiles.cs(297,26): error CS1513: } expected [C:\Users\creat\Documents\My Games\Terraria\tModLoader\ModSources\MagnumOpus\MagnumOpus.csproj]
C:\Users\creat\Documents\My Games\Terraria\tModLoader\ModSources\MagnumOpus\Content\OdeToJoy\Weapons\TheStandingOvation\TheStandingOvation.cs(90,33): error CS1002: ; expected [C:\Users\creat\Documents\My Games\Terraria\tModLoader\ModSources\MagnumOpus\MagnumOpus.csproj]
C:\Users\creat\Documents\My Games\Terraria\tModLoader\ModSources\MagnumOpus\Content\OdeToJoy\Weapons\FountainOfJoyousHarmony\Projectiles\FountainProjectiles.cs(297,33): error CS1002: ; expected [C:\Users\creat\Documents\My Games\Terraria\tModLoader\ModSources\MagnumOpus\MagnumOpus.csproj]
C:\Users\creat\Documents\My Games\Terraria\tModLoader\ModSources\MagnumOpus\Content\OdeToJoy\Weapons\TheStandingOvation\TheStandingOvation.cs(90,33): error CS1513: } expected [C:\Users\creat\Documents\My Games\Terraria\tModLoader\ModSources\MagnumOpus\MagnumOpus.csproj]
C:\Users\creat\Documents\My Games\Terraria\tModLoader\ModSources\MagnumOpus\Content\OdeToJoy\Weapons\FountainOfJoyousHarmony\Projectiles\FountainProjectiles.cs(297,33): error CS1513: } expected [C:\Users\creat\Documents\My Games\Terraria\tModLoader\ModSources\MagnumOpus\MagnumOpus.csproj]
C:\Users\creat\Documents\My Games\Terraria\tModLoader\ModSources\MagnumOpus\Content\OdeToJoy\Weapons\TheStandingOvation\TheStandingOvation.cs(90,42): error CS1002: ; expected [C:\Users\creat\Documents\My Games\Terraria\tModLoader\ModSources\MagnumOpus\MagnumOpus.csproj]
C:\Users\creat\Documents\My Games\Terraria\tModLoader\ModSources\MagnumOpus\Content\OdeToJoy\Weapons\FountainOfJoyousHarmony\Projectiles\FountainProjectiles.cs(297,37): error CS1002: ; expected [C:\Users\creat\Documents\My Games\Terraria\tModLoader\ModSources\MagnumOpus\MagnumOpus.csproj]
C:\Users\creat\Documents\My Games\Terraria\tModLoader\ModSources\MagnumOpus\Content\OdeToJoy\Weapons\TheStandingOvation\TheStandingOvation.cs(90,42): error CS1513: } expected [C:\Users\creat\Documents\My Games\Terraria\tModLoader\ModSources\MagnumOpus\MagnumOpus.csproj]
C:\Users\creat\Documents\My Games\Terraria\tModLoader\ModSources\MagnumOpus\Content\OdeToJoy\Weapons\FountainOfJoyousHarmony\Projectiles\FountainProjectiles.cs(297,37): error CS1513: } expected [C:\Users\creat\Documents\My Games\Terraria\tModLoader\ModSources\MagnumOpus\MagnumOpus.csproj]
C:\Users\creat\Documents\My Games\Terraria\tModLoader\ModSources\MagnumOpus\Content\OdeToJoy\Weapons\FountainOfJoyousHarmony\Projectiles\FountainProjectiles.cs(297,46): error CS1002: ; expected [C:\Users\creat\Documents\My Games\Terraria\tModLoader\ModSources\MagnumOpus\MagnumOpus.csproj]
C:\Users\creat\Documents\My Games\Terraria\tModLoader\ModSources\MagnumOpus\Content\OdeToJoy\Weapons\FountainOfJoyousHarmony\Projectiles\FountainProjectiles.cs(297,46): error CS1513: } expected [C:\Users\creat\Documents\My Games\Terraria\tModLoader\ModSources\MagnumOpus\MagnumOpus.csproj]
C:\Users\creat\Documents\My Games\Terraria\tModLoader\ModSources\MagnumOpus\Content\OdeToJoy\Weapons\TheStandingOvation\TheStandingOvation.cs(90,48): error CS1002: ; expected [C:\Users\creat\Documents\My Games\Terraria\tModLoader\ModSources\MagnumOpus\MagnumOpus.csproj]
C:\Users\creat\Documents\My Games\Terraria\tModLoader\ModSources\MagnumOpus\Content\OdeToJoy\Weapons\FountainOfJoyousHarmony\Projectiles\FountainProjectiles.cs(297,52): error CS1002: ; expected [C:\Users\creat\Documents\My Games\Terraria\tModLoader\ModSources\MagnumOpus\MagnumOpus.csproj]
C:\Users\creat\Documents\My Games\Terraria\tModLoader\ModSources\MagnumOpus\Content\OdeToJoy\Weapons\TheStandingOvation\TheStandingOvation.cs(90,48): error CS1513: } expected [C:\Users\creat\Documents\My Games\Terraria\tModLoader\ModSources\MagnumOpus\MagnumOpus.csproj]
C:\Users\creat\Documents\My Games\Terraria\tModLoader\ModSources\MagnumOpus\Content\OdeToJoy\Weapons\FountainOfJoyousHarmony\Projectiles\FountainProjectiles.cs(297,52): error CS1513: } expected [C:\Users\creat\Documents\My Games\Terraria\tModLoader\ModSources\MagnumOpus\MagnumOpus.csproj]
C:\Users\creat\Documents\My Games\Terraria\tModLoader\ModSources\MagnumOpus\Content\OdeToJoy\Weapons\FountainOfJoyousHarmony\Projectiles\FountainProjectiles.cs(302,9): error CS1519: Invalid token '}' in a member declaration [C:\Users\creat\Documents\My Games\Terraria\tModLoader\ModSources\MagnumOpus\MagnumOpus.csproj]
C:\Users\creat\Documents\My Games\Terraria\tModLoader\ModSources\MagnumOpus\Content\OdeToJoy\Weapons\FountainOfJoyousHarmony\Projectiles\FountainProjectiles.cs(309,6): error CS1513: } expected [C:\Users\creat\Documents\My Games\Terraria\tModLoader\ModSources\MagnumOpus\MagnumOpus.csproj]
C:\Users\creat\Documents\My Games\Terraria\tModLoader\ModSources\MagnumOpus\Content\OdeToJoy\Weapons\FountainOfJoyousHarmony\Projectiles\FountainProjectiles.cs(373,1): error CS1022: Type or namespace definition, or end-of-file expected [C:\Users\creat\Documents\My Games\Terraria\tModLoader\ModSources\MagnumOpus\MagnumOpus.csproj]

Build FAILED.

C:\Users\creat\Documents\My Games\Terraria\tModLoader\ModSources\MagnumOpus\Content\OdeToJoy\Weapons\RoseThornChainsaw\Projectiles\RoseThornChainsawProjectile.cs(195,44): error CS1002: ; expected [C:\Users\creat\Documents\My Games\Terraria\tModLoader\ModSources\MagnumOpus\MagnumOpus.csproj]
C:\Users\creat\Documents\My Games\Terraria\tModLoader\ModSources\MagnumOpus\Content\OdeToJoy\Weapons\FountainOfJoyousHarmony\FountainOfJoyousHarmony.cs(70,34): error CS1002: ; expected [C:\Users\creat\Documents\My Games\Terraria\tModLoader\ModSources\MagnumOpus\MagnumOpus.csproj]
C:\Users\creat\Documents\My Games\Terraria\tModLoader\ModSources\MagnumOpus\Content\OdeToJoy\Weapons\TheStandingOvation\Projectiles\OvationProjectiles.cs(240,27): error CS1002: ; expected [C:\Users\creat\Documents\My Games\Terraria\tModLoader\ModSources\MagnumOpus\MagnumOpus.csproj]
C:\Users\creat\Documents\My Games\Terraria\tModLoader\ModSources\MagnumOpus\Content\OdeToJoy\Weapons\RoseThornChainsaw\Projectiles\RoseThornChainsawProjectile.cs(254,44): error CS1002: ; expected [C:\Users\creat\Documents\My Games\Terraria\tModLoader\ModSources\MagnumOpus\MagnumOpus.csproj]
C:\Users\creat\Documents\My Games\Terraria\tModLoader\ModSources\MagnumOpus\Content\OdeToJoy\Weapons\RoseThornChainsaw\Projectiles\RoseThornChainsawProjectile.cs(488,49): error CS1002: ; expected [C:\Users\creat\Documents\My Games\Terraria\tModLoader\ModSources\MagnumOpus\MagnumOpus.csproj]
C:\Users\creat\Documents\My Games\Terraria\tModLoader\ModSources\MagnumOpus\Content\OdeToJoy\Weapons\FountainOfJoyousHarmony\FountainOfJoyousHarmony.cs(70,34): error CS1513: } expected [C:\Users\creat\Documents\My Games\Terraria\tModLoader\ModSources\MagnumOpus\MagnumOpus.csproj]
C:\Users\creat\Documents\My Games\Terraria\tModLoader\ModSources\MagnumOpus\Content\OdeToJoy\Weapons\FountainOfJoyousHarmony\FountainOfJoyousHarmony.cs(70,41): error CS1002: ; expected [C:\Users\creat\Documents\My Games\Terraria\tModLoader\ModSources\MagnumOpus\MagnumOpus.csproj]
C:\Users\creat\Documents\My Games\Terraria\tModLoader\ModSources\MagnumOpus\Content\OdeToJoy\Weapons\FountainOfJoyousHarmony\FountainOfJoyousHarmony.cs(70,41): error CS1513: } expected [C:\Users\creat\Documents\My Games\Terraria\tModLoader\ModSources\MagnumOpus\MagnumOpus.csproj]
C:\Users\creat\Documents\My Games\Terraria\tModLoader\ModSources\MagnumOpus\Content\OdeToJoy\Weapons\FountainOfJoyousHarmony\FountainOfJoyousHarmony.cs(70,45): error CS1002: ; expected [C:\Users\creat\Documents\My Games\Terraria\tModLoader\ModSources\MagnumOpus\MagnumOpus.csproj]
C:\Users\creat\Documents\My Games\Terraria\tModLoader\ModSources\MagnumOpus\Content\OdeToJoy\Weapons\FountainOfJoyousHarmony\FountainOfJoyousHarmony.cs(70,45): error CS1513: } expected [C:\Users\creat\Documents\My Games\Terraria\tModLoader\ModSources\MagnumOpus\MagnumOpus.csproj]
C:\Users\creat\Documents\My Games\Terraria\tModLoader\ModSources\MagnumOpus\Content\OdeToJoy\Weapons\TheStandingOvation\Projectiles\OvationProjectiles.cs(240,27): error CS1513: } expected [C:\Users\creat\Documents\My Games\Terraria\tModLoader\ModSources\MagnumOpus\MagnumOpus.csproj]
C:\Users\creat\Documents\My Games\Terraria\tModLoader\ModSources\MagnumOpus\Content\OdeToJoy\Weapons\FountainOfJoyousHarmony\FountainOfJoyousHarmony.cs(70,54): error CS1002: ; expected [C:\Users\creat\Documents\My Games\Terraria\tModLoader\ModSources\MagnumOpus\MagnumOpus.csproj]
C:\Users\creat\Documents\My Games\Terraria\tModLoader\ModSources\MagnumOpus\Content\OdeToJoy\Weapons\FountainOfJoyousHarmony\FountainOfJoyousHarmony.cs(70,54): error CS1513: } expected [C:\Users\creat\Documents\My Games\Terraria\tModLoader\ModSources\MagnumOpus\MagnumOpus.csproj]
C:\Users\creat\Documents\My Games\Terraria\tModLoader\ModSources\MagnumOpus\Content\OdeToJoy\Weapons\FountainOfJoyousHarmony\FountainOfJoyousHarmony.cs(70,60): error CS1002: ; expected [C:\Users\creat\Documents\My Games\Terraria\tModLoader\ModSources\MagnumOpus\MagnumOpus.csproj]
C:\Users\creat\Documents\My Games\Terraria\tModLoader\ModSources\MagnumOpus\Content\OdeToJoy\Weapons\FountainOfJoyousHarmony\FountainOfJoyousHarmony.cs(70,60): error CS1513: } expected [C:\Users\creat\Documents\My Games\Terraria\tModLoader\ModSources\MagnumOpus\MagnumOpus.csproj]
C:\Users\creat\Documents\My Games\Terraria\tModLoader\ModSources\MagnumOpus\Content\OdeToJoy\Weapons\RoseThornChainsaw\Projectiles\RoseThornChainsawProjectile.cs(488,49): error CS1513: } expected [C:\Users\creat\Documents\My Games\Terraria\tModLoader\ModSources\MagnumOpus\MagnumOpus.csproj]
C:\Users\creat\Documents\My Games\Terraria\tModLoader\ModSources\MagnumOpus\Content\OdeToJoy\Weapons\TheStandingOvation\Projectiles\OvationProjectiles.cs(240,31): error CS1002: ; expected [C:\Users\creat\Documents\My Games\Terraria\tModLoader\ModSources\MagnumOpus\MagnumOpus.csproj]
C:\Users\creat\Documents\My Games\Terraria\tModLoader\ModSources\MagnumOpus\Content\OdeToJoy\Weapons\TheStandingOvation\Projectiles\OvationProjectiles.cs(240,31): error CS1513: } expected [C:\Users\creat\Documents\My Games\Terraria\tModLoader\ModSources\MagnumOpus\MagnumOpus.csproj]
C:\Users\creat\Documents\My Games\Terraria\tModLoader\ModSources\MagnumOpus\Content\OdeToJoy\Weapons\TheStandingOvation\Projectiles\OvationProjectiles.cs(240,36): error CS1002: ; expected [C:\Users\creat\Documents\My Games\Terraria\tModLoader\ModSources\MagnumOpus\MagnumOpus.csproj]
C:\Users\creat\Documents\My Games\Terraria\tModLoader\ModSources\MagnumOpus\Content\OdeToJoy\Weapons\RoseThornChainsaw\Projectiles\RoseThornChainsawProjectile.cs(489,60): error CS1002: ; expected [C:\Users\creat\Documents\My Games\Terraria\tModLoader\ModSources\MagnumOpus\MagnumOpus.csproj]
C:\Users\creat\Documents\My Games\Terraria\tModLoader\ModSources\MagnumOpus\Content\OdeToJoy\Weapons\TheStandingOvation\Projectiles\OvationProjectiles.cs(240,36): error CS1513: } expected [C:\Users\creat\Documents\My Games\Terraria\tModLoader\ModSources\MagnumOpus\MagnumOpus.csproj]
C:\Users\creat\Documents\My Games\Terraria\tModLoader\ModSources\MagnumOpus\Content\OdeToJoy\Weapons\RoseThornChainsaw\Projectiles\RoseThornChainsawProjectile.cs(489,60): error CS1513: } expected [C:\Users\creat\Documents\My Games\Terraria\tModLoader\ModSources\MagnumOpus\MagnumOpus.csproj]
C:\Users\creat\Documents\My Games\Terraria\tModLoader\ModSources\MagnumOpus\Content\OdeToJoy\Weapons\TheStandingOvation\Projectiles\OvationProjectiles.cs(240,45): error CS1002: ; expected [C:\Users\creat\Documents\My Games\Terraria\tModLoader\ModSources\MagnumOpus\MagnumOpus.csproj]
C:\Users\creat\Documents\My Games\Terraria\tModLoader\ModSources\MagnumOpus\Content\OdeToJoy\Weapons\TheStandingOvation\Projectiles\OvationProjectiles.cs(240,45): error CS1513: } expected [C:\Users\creat\Documents\My Games\Terraria\tModLoader\ModSources\MagnumOpus\MagnumOpus.csproj]
C:\Users\creat\Documents\My Games\Terraria\tModLoader\ModSources\MagnumOpus\Content\OdeToJoy\Weapons\TheStandingOvation\Projectiles\OvationProjectiles.cs(240,51): error CS1002: ; expected [C:\Users\creat\Documents\My Games\Terraria\tModLoader\ModSources\MagnumOpus\MagnumOpus.csproj]
C:\Users\creat\Documents\My Games\Terraria\tModLoader\ModSources\MagnumOpus\Content\OdeToJoy\Weapons\FountainOfJoyousHarmony\FountainOfJoyousHarmony.cs(79,21): error CS1519: Invalid token 'return' in a member declaration [C:\Users\creat\Documents\My Games\Terraria\tModLoader\ModSources\MagnumOpus\MagnumOpus.csproj]
C:\Users\creat\Documents\My Games\Terraria\tModLoader\ModSources\MagnumOpus\Content\OdeToJoy\Weapons\TheStandingOvation\Projectiles\OvationProjectiles.cs(240,51): error CS1513: } expected [C:\Users\creat\Documents\My Games\Terraria\tModLoader\ModSources\MagnumOpus\MagnumOpus.csproj]
C:\Users\creat\Documents\My Games\Terraria\tModLoader\ModSources\MagnumOpus\Content\OdeToJoy\Weapons\FountainOfJoyousHarmony\FountainOfJoyousHarmony.cs(84,13): error CS8803: Top-level statements must precede namespace and type declarations. [C:\Users\creat\Documents\My Games\Terraria\tModLoader\ModSources\MagnumOpus\MagnumOpus.csproj]
C:\Users\creat\Documents\My Games\Terraria\tModLoader\ModSources\MagnumOpus\Content\OdeToJoy\Weapons\FountainOfJoyousHarmony\FountainOfJoyousHarmony.cs(91,26): error CS1002: ; expected [C:\Users\creat\Documents\My Games\Terraria\tModLoader\ModSources\MagnumOpus\MagnumOpus.csproj]
C:\Users\creat\Documents\My Games\Terraria\tModLoader\ModSources\MagnumOpus\Content\OdeToJoy\Weapons\FountainOfJoyousHarmony\FountainOfJoyousHarmony.cs(91,26): error CS1513: } expected [C:\Users\creat\Documents\My Games\Terraria\tModLoader\ModSources\MagnumOpus\MagnumOpus.csproj]
C:\Users\creat\Documents\My Games\Terraria\tModLoader\ModSources\MagnumOpus\Content\OdeToJoy\Weapons\TheStandingOvation\Projectiles\OvationProjectiles.cs(363,26): error CS1002: ; expected [C:\Users\creat\Documents\My Games\Terraria\tModLoader\ModSources\MagnumOpus\MagnumOpus.csproj]
C:\Users\creat\Documents\My Games\Terraria\tModLoader\ModSources\MagnumOpus\Content\OdeToJoy\Weapons\FountainOfJoyousHarmony\FountainOfJoyousHarmony.cs(91,33): error CS1002: ; expected [C:\Users\creat\Documents\My Games\Terraria\tModLoader\ModSources\MagnumOpus\MagnumOpus.csproj]
C:\Users\creat\Documents\My Games\Terraria\tModLoader\ModSources\MagnumOpus\Content\OdeToJoy\Weapons\TheStandingOvation\Projectiles\OvationProjectiles.cs(363,26): error CS1513: } expected [C:\Users\creat\Documents\My Games\Terraria\tModLoader\ModSources\MagnumOpus\MagnumOpus.csproj]
C:\Users\creat\Documents\My Games\Terraria\tModLoader\ModSources\MagnumOpus\Content\OdeToJoy\Weapons\FountainOfJoyousHarmony\FountainOfJoyousHarmony.cs(91,33): error CS1513: } expected [C:\Users\creat\Documents\My Games\Terraria\tModLoader\ModSources\MagnumOpus\MagnumOpus.csproj]
C:\Users\creat\Documents\My Games\Terraria\tModLoader\ModSources\MagnumOpus\Content\OdeToJoy\Weapons\FountainOfJoyousHarmony\FountainOfJoyousHarmony.cs(91,37): error CS1002: ; expected [C:\Users\creat\Documents\My Games\Terraria\tModLoader\ModSources\MagnumOpus\MagnumOpus.csproj]
C:\Users\creat\Documents\My Games\Terraria\tModLoader\ModSources\MagnumOpus\Content\OdeToJoy\Weapons\TheStandingOvation\Projectiles\OvationProjectiles.cs(363,33): error CS1002: ; expected [C:\Users\creat\Documents\My Games\Terraria\tModLoader\ModSources\MagnumOpus\MagnumOpus.csproj]
C:\Users\creat\Documents\My Games\Terraria\tModLoader\ModSources\MagnumOpus\Content\OdeToJoy\Weapons\FountainOfJoyousHarmony\FountainOfJoyousHarmony.cs(91,37): error CS1513: } expected [C:\Users\creat\Documents\My Games\Terraria\tModLoader\ModSources\MagnumOpus\MagnumOpus.csproj]
C:\Users\creat\Documents\My Games\Terraria\tModLoader\ModSources\MagnumOpus\Content\OdeToJoy\Weapons\TheStandingOvation\Projectiles\OvationProjectiles.cs(363,33): error CS1513: } expected [C:\Users\creat\Documents\My Games\Terraria\tModLoader\ModSources\MagnumOpus\MagnumOpus.csproj]
C:\Users\creat\Documents\My Games\Terraria\tModLoader\ModSources\MagnumOpus\Content\OdeToJoy\Weapons\FountainOfJoyousHarmony\FountainOfJoyousHarmony.cs(91,46): error CS1002: ; expected [C:\Users\creat\Documents\My Games\Terraria\tModLoader\ModSources\MagnumOpus\MagnumOpus.csproj]
C:\Users\creat\Documents\My Games\Terraria\tModLoader\ModSources\MagnumOpus\Content\OdeToJoy\Weapons\TheStandingOvation\Projectiles\OvationProjectiles.cs(363,37): error CS1002: ; expected [C:\Users\creat\Documents\My Games\Terraria\tModLoader\ModSources\MagnumOpus\MagnumOpus.csproj]
C:\Users\creat\Documents\My Games\Terraria\tModLoader\ModSources\MagnumOpus\Content\OdeToJoy\Weapons\FountainOfJoyousHarmony\FountainOfJoyousHarmony.cs(91,46): error CS1513: } expected [C:\Users\creat\Documents\My Games\Terraria\tModLoader\ModSources\MagnumOpus\MagnumOpus.csproj]
C:\Users\creat\Documents\My Games\Terraria\tModLoader\ModSources\MagnumOpus\Content\OdeToJoy\Weapons\TheStandingOvation\Projectiles\OvationProjectiles.cs(363,37): error CS1513: } expected [C:\Users\creat\Documents\My Games\Terraria\tModLoader\ModSources\MagnumOpus\MagnumOpus.csproj]
C:\Users\creat\Documents\My Games\Terraria\tModLoader\ModSources\MagnumOpus\Content\OdeToJoy\Weapons\FountainOfJoyousHarmony\FountainOfJoyousHarmony.cs(91,52): error CS1002: ; expected [C:\Users\creat\Documents\My Games\Terraria\tModLoader\ModSources\MagnumOpus\MagnumOpus.csproj]
C:\Users\creat\Documents\My Games\Terraria\tModLoader\ModSources\MagnumOpus\Content\OdeToJoy\Weapons\TheStandingOvation\Projectiles\OvationProjectiles.cs(363,46): error CS1002: ; expected [C:\Users\creat\Documents\My Games\Terraria\tModLoader\ModSources\MagnumOpus\MagnumOpus.csproj]
C:\Users\creat\Documents\My Games\Terraria\tModLoader\ModSources\MagnumOpus\Content\OdeToJoy\Weapons\TheStandingOvation\Projectiles\OvationProjectiles.cs(363,46): error CS1513: } expected [C:\Users\creat\Documents\My Games\Terraria\tModLoader\ModSources\MagnumOpus\MagnumOpus.csproj]
C:\Users\creat\Documents\My Games\Terraria\tModLoader\ModSources\MagnumOpus\Content\OdeToJoy\Weapons\TheStandingOvation\Projectiles\OvationProjectiles.cs(363,52): error CS1002: ; expected [C:\Users\creat\Documents\My Games\Terraria\tModLoader\ModSources\MagnumOpus\MagnumOpus.csproj]
C:\Users\creat\Documents\My Games\Terraria\tModLoader\ModSources\MagnumOpus\Content\OdeToJoy\Weapons\TheStandingOvation\Projectiles\OvationProjectiles.cs(363,52): error CS1513: } expected [C:\Users\creat\Documents\My Games\Terraria\tModLoader\ModSources\MagnumOpus\MagnumOpus.csproj]
C:\Users\creat\Documents\My Games\Terraria\tModLoader\ModSources\MagnumOpus\Content\OdeToJoy\Weapons\TheStandingOvation\Projectiles\OvationProjectiles.cs(368,9): error CS1519: Invalid token '}' in a member declaration [C:\Users\creat\Documents\My Games\Terraria\tModLoader\ModSources\MagnumOpus\MagnumOpus.csproj]
C:\Users\creat\Documents\My Games\Terraria\tModLoader\ModSources\MagnumOpus\Content\OdeToJoy\Weapons\TheStandingOvation\Projectiles\OvationProjectiles.cs(375,6): error CS1513: } expected [C:\Users\creat\Documents\My Games\Terraria\tModLoader\ModSources\MagnumOpus\MagnumOpus.csproj]
C:\Users\creat\Documents\My Games\Terraria\tModLoader\ModSources\MagnumOpus\Content\OdeToJoy\Weapons\TheStandingOvation\Projectiles\OvationProjectiles.cs(481,1): error CS1022: Type or namespace definition, or end-of-file expected [C:\Users\creat\Documents\My Games\Terraria\tModLoader\ModSources\MagnumOpus\MagnumOpus.csproj]
C:\Users\creat\Documents\My Games\Terraria\tModLoader\ModSources\MagnumOpus\Content\OdeToJoy\Weapons\FountainOfJoyousHarmony\FountainOfJoyousHarmony.cs(91,52): error CS1513: } expected [C:\Users\creat\Documents\My Games\Terraria\tModLoader\ModSources\MagnumOpus\MagnumOpus.csproj]
C:\Users\creat\Documents\My Games\Terraria\tModLoader\ModSources\MagnumOpus\Content\OdeToJoy\Weapons\FountainOfJoyousHarmony\FountainOfJoyousHarmony.cs(91,52): error CS1022: Type or namespace definition, or end-of-file expected [C:\Users\creat\Documents\My Games\Terraria\tModLoader\ModSources\MagnumOpus\MagnumOpus.csproj]
C:\Users\creat\Documents\My Games\Terraria\tModLoader\ModSources\MagnumOpus\Content\OdeToJoy\Weapons\FountainOfJoyousHarmony\FountainOfJoyousHarmony.cs(93,13): error CS1022: Type or namespace definition, or end-of-file expected [C:\Users\creat\Documents\My Games\Terraria\tModLoader\ModSources\MagnumOpus\MagnumOpus.csproj]
C:\Users\creat\Documents\My Games\Terraria\tModLoader\ModSources\MagnumOpus\Content\OdeToJoy\Weapons\FountainOfJoyousHarmony\FountainOfJoyousHarmony.cs(96,9): error CS1022: Type or namespace definition, or end-of-file expected [C:\Users\creat\Documents\My Games\Terraria\tModLoader\ModSources\MagnumOpus\MagnumOpus.csproj]
C:\Users\creat\Documents\My Games\Terraria\tModLoader\ModSources\MagnumOpus\Content\OdeToJoy\Weapons\FountainOfJoyousHarmony\FountainOfJoyousHarmony.cs(122,5): error CS1022: Type or namespace definition, or end-of-file expected [C:\Users\creat\Documents\My Games\Terraria\tModLoader\ModSources\MagnumOpus\MagnumOpus.csproj]
C:\Users\creat\Documents\My Games\Terraria\tModLoader\ModSources\MagnumOpus\Content\OdeToJoy\Weapons\FountainOfJoyousHarmony\FountainOfJoyousHarmony.cs(123,1): error CS1022: Type or namespace definition, or end-of-file expected [C:\Users\creat\Documents\My Games\Terraria\tModLoader\ModSources\MagnumOpus\MagnumOpus.csproj]
C:\Users\creat\Documents\My Games\Terraria\tModLoader\ModSources\MagnumOpus\Content\OdeToJoy\Weapons\TheStandingOvation\TheStandingOvation.cs(71,28): error CS1002: ; expected [C:\Users\creat\Documents\My Games\Terraria\tModLoader\ModSources\MagnumOpus\MagnumOpus.csproj]
C:\Users\creat\Documents\My Games\Terraria\tModLoader\ModSources\MagnumOpus\Content\OdeToJoy\Weapons\FountainOfJoyousHarmony\Projectiles\FountainProjectiles.cs(167,26): error CS1002: ; expected [C:\Users\creat\Documents\My Games\Terraria\tModLoader\ModSources\MagnumOpus\MagnumOpus.csproj]
C:\Users\creat\Documents\My Games\Terraria\tModLoader\ModSources\MagnumOpus\Content\OdeToJoy\Weapons\TheStandingOvation\TheStandingOvation.cs(71,28): error CS1513: } expected [C:\Users\creat\Documents\My Games\Terraria\tModLoader\ModSources\MagnumOpus\MagnumOpus.csproj]
C:\Users\creat\Documents\My Games\Terraria\tModLoader\ModSources\MagnumOpus\Content\OdeToJoy\Weapons\FountainOfJoyousHarmony\Projectiles\FountainProjectiles.cs(167,26): error CS1513: } expected [C:\Users\creat\Documents\My Games\Terraria\tModLoader\ModSources\MagnumOpus\MagnumOpus.csproj]
C:\Users\creat\Documents\My Games\Terraria\tModLoader\ModSources\MagnumOpus\Content\OdeToJoy\Weapons\FountainOfJoyousHarmony\Projectiles\FountainProjectiles.cs(167,33): error CS1002: ; expected [C:\Users\creat\Documents\My Games\Terraria\tModLoader\ModSources\MagnumOpus\MagnumOpus.csproj]
C:\Users\creat\Documents\My Games\Terraria\tModLoader\ModSources\MagnumOpus\Content\OdeToJoy\Weapons\TheStandingOvation\TheStandingOvation.cs(71,34): error CS1002: ; expected [C:\Users\creat\Documents\My Games\Terraria\tModLoader\ModSources\MagnumOpus\MagnumOpus.csproj]
C:\Users\creat\Documents\My Games\Terraria\tModLoader\ModSources\MagnumOpus\Content\OdeToJoy\Weapons\FountainOfJoyousHarmony\Projectiles\FountainProjectiles.cs(167,33): error CS1513: } expected [C:\Users\creat\Documents\My Games\Terraria\tModLoader\ModSources\MagnumOpus\MagnumOpus.csproj]
C:\Users\creat\Documents\My Games\Terraria\tModLoader\ModSources\MagnumOpus\Content\OdeToJoy\Weapons\TheStandingOvation\TheStandingOvation.cs(71,34): error CS1513: } expected [C:\Users\creat\Documents\My Games\Terraria\tModLoader\ModSources\MagnumOpus\MagnumOpus.csproj]
C:\Users\creat\Documents\My Games\Terraria\tModLoader\ModSources\MagnumOpus\Content\OdeToJoy\Weapons\FountainOfJoyousHarmony\Projectiles\FountainProjectiles.cs(167,37): error CS1002: ; expected [C:\Users\creat\Documents\My Games\Terraria\tModLoader\ModSources\MagnumOpus\MagnumOpus.csproj]
C:\Users\creat\Documents\My Games\Terraria\tModLoader\ModSources\MagnumOpus\Content\OdeToJoy\Weapons\FountainOfJoyousHarmony\Projectiles\FountainProjectiles.cs(167,37): error CS1513: } expected [C:\Users\creat\Documents\My Games\Terraria\tModLoader\ModSources\MagnumOpus\MagnumOpus.csproj]
C:\Users\creat\Documents\My Games\Terraria\tModLoader\ModSources\MagnumOpus\Content\OdeToJoy\Weapons\FountainOfJoyousHarmony\Projectiles\FountainProjectiles.cs(167,46): error CS1002: ; expected [C:\Users\creat\Documents\My Games\Terraria\tModLoader\ModSources\MagnumOpus\MagnumOpus.csproj]
C:\Users\creat\Documents\My Games\Terraria\tModLoader\ModSources\MagnumOpus\Content\OdeToJoy\Weapons\FountainOfJoyousHarmony\Projectiles\FountainProjectiles.cs(167,46): error CS1513: } expected [C:\Users\creat\Documents\My Games\Terraria\tModLoader\ModSources\MagnumOpus\MagnumOpus.csproj]
C:\Users\creat\Documents\My Games\Terraria\tModLoader\ModSources\MagnumOpus\Content\OdeToJoy\Weapons\TheStandingOvation\TheStandingOvation.cs(79,13): error CS1519: Invalid token 'return' in a member declaration [C:\Users\creat\Documents\My Games\Terraria\tModLoader\ModSources\MagnumOpus\MagnumOpus.csproj]
C:\Users\creat\Documents\My Games\Terraria\tModLoader\ModSources\MagnumOpus\Content\OdeToJoy\Weapons\FountainOfJoyousHarmony\Projectiles\FountainProjectiles.cs(167,52): error CS1002: ; expected [C:\Users\creat\Documents\My Games\Terraria\tModLoader\ModSources\MagnumOpus\MagnumOpus.csproj]
C:\Users\creat\Documents\My Games\Terraria\tModLoader\ModSources\MagnumOpus\Content\OdeToJoy\Weapons\FountainOfJoyousHarmony\Projectiles\FountainProjectiles.cs(167,52): error CS1513: } expected [C:\Users\creat\Documents\My Games\Terraria\tModLoader\ModSources\MagnumOpus\MagnumOpus.csproj]
C:\Users\creat\Documents\My Games\Terraria\tModLoader\ModSources\MagnumOpus\Content\OdeToJoy\Weapons\TheStandingOvation\TheStandingOvation.cs(80,9): error CS1519: Invalid token '}' in a member declaration [C:\Users\creat\Documents\My Games\Terraria\tModLoader\ModSources\MagnumOpus\MagnumOpus.csproj]
C:\Users\creat\Documents\My Games\Terraria\tModLoader\ModSources\MagnumOpus\Content\OdeToJoy\Weapons\FountainOfJoyousHarmony\Projectiles\FountainProjectiles.cs(179,28): error CS1002: ; expected [C:\Users\creat\Documents\My Games\Terraria\tModLoader\ModSources\MagnumOpus\MagnumOpus.csproj]
C:\Users\creat\Documents\My Games\Terraria\tModLoader\ModSources\MagnumOpus\Content\OdeToJoy\Weapons\FountainOfJoyousHarmony\Projectiles\FountainProjectiles.cs(179,28): error CS1513: } expected [C:\Users\creat\Documents\My Games\Terraria\tModLoader\ModSources\MagnumOpus\MagnumOpus.csproj]
C:\Users\creat\Documents\My Games\Terraria\tModLoader\ModSources\MagnumOpus\Content\OdeToJoy\Weapons\FountainOfJoyousHarmony\Projectiles\FountainProjectiles.cs(179,34): error CS1002: ; expected [C:\Users\creat\Documents\My Games\Terraria\tModLoader\ModSources\MagnumOpus\MagnumOpus.csproj]
C:\Users\creat\Documents\My Games\Terraria\tModLoader\ModSources\MagnumOpus\Content\OdeToJoy\Weapons\FountainOfJoyousHarmony\Projectiles\FountainProjectiles.cs(179,34): error CS1513: } expected [C:\Users\creat\Documents\My Games\Terraria\tModLoader\ModSources\MagnumOpus\MagnumOpus.csproj]
C:\Users\creat\Documents\My Games\Terraria\tModLoader\ModSources\MagnumOpus\Content\OdeToJoy\Weapons\TheStandingOvation\TheStandingOvation.cs(90,23): error CS1002: ; expected [C:\Users\creat\Documents\My Games\Terraria\tModLoader\ModSources\MagnumOpus\MagnumOpus.csproj]
C:\Users\creat\Documents\My Games\Terraria\tModLoader\ModSources\MagnumOpus\Content\OdeToJoy\Weapons\TheStandingOvation\TheStandingOvation.cs(90,23): error CS1513: } expected [C:\Users\creat\Documents\My Games\Terraria\tModLoader\ModSources\MagnumOpus\MagnumOpus.csproj]
C:\Users\creat\Documents\My Games\Terraria\tModLoader\ModSources\MagnumOpus\Content\OdeToJoy\Weapons\TheStandingOvation\TheStandingOvation.cs(90,28): error CS1002: ; expected [C:\Users\creat\Documents\My Games\Terraria\tModLoader\ModSources\MagnumOpus\MagnumOpus.csproj]
C:\Users\creat\Documents\My Games\Terraria\tModLoader\ModSources\MagnumOpus\Content\OdeToJoy\Weapons\TheStandingOvation\TheStandingOvation.cs(90,28): error CS1513: } expected [C:\Users\creat\Documents\My Games\Terraria\tModLoader\ModSources\MagnumOpus\MagnumOpus.csproj]
C:\Users\creat\Documents\My Games\Terraria\tModLoader\ModSources\MagnumOpus\Content\OdeToJoy\Weapons\FountainOfJoyousHarmony\Projectiles\FountainProjectiles.cs(297,26): error CS1002: ; expected [C:\Users\creat\Documents\My Games\Terraria\tModLoader\ModSources\MagnumOpus\MagnumOpus.csproj]
C:\Users\creat\Documents\My Games\Terraria\tModLoader\ModSources\MagnumOpus\Content\OdeToJoy\Weapons\FountainOfJoyousHarmony\Projectiles\FountainProjectiles.cs(297,26): error CS1513: } expected [C:\Users\creat\Documents\My Games\Terraria\tModLoader\ModSources\MagnumOpus\MagnumOpus.csproj]
C:\Users\creat\Documents\My Games\Terraria\tModLoader\ModSources\MagnumOpus\Content\OdeToJoy\Weapons\TheStandingOvation\TheStandingOvation.cs(90,33): error CS1002: ; expected [C:\Users\creat\Documents\My Games\Terraria\tModLoader\ModSources\MagnumOpus\MagnumOpus.csproj]
C:\Users\creat\Documents\My Games\Terraria\tModLoader\ModSources\MagnumOpus\Content\OdeToJoy\Weapons\FountainOfJoyousHarmony\Projectiles\FountainProjectiles.cs(297,33): error CS1002: ; expected [C:\Users\creat\Documents\My Games\Terraria\tModLoader\ModSources\MagnumOpus\MagnumOpus.csproj]
C:\Users\creat\Documents\My Games\Terraria\tModLoader\ModSources\MagnumOpus\Content\OdeToJoy\Weapons\TheStandingOvation\TheStandingOvation.cs(90,33): error CS1513: } expected [C:\Users\creat\Documents\My Games\Terraria\tModLoader\ModSources\MagnumOpus\MagnumOpus.csproj]
C:\Users\creat\Documents\My Games\Terraria\tModLoader\ModSources\MagnumOpus\Content\OdeToJoy\Weapons\FountainOfJoyousHarmony\Projectiles\FountainProjectiles.cs(297,33): error CS1513: } expected [C:\Users\creat\Documents\My Games\Terraria\tModLoader\ModSources\MagnumOpus\MagnumOpus.csproj]
C:\Users\creat\Documents\My Games\Terraria\tModLoader\ModSources\MagnumOpus\Content\OdeToJoy\Weapons\TheStandingOvation\TheStandingOvation.cs(90,42): error CS1002: ; expected [C:\Users\creat\Documents\My Games\Terraria\tModLoader\ModSources\MagnumOpus\MagnumOpus.csproj]
C:\Users\creat\Documents\My Games\Terraria\tModLoader\ModSources\MagnumOpus\Content\OdeToJoy\Weapons\FountainOfJoyousHarmony\Projectiles\FountainProjectiles.cs(297,37): error CS1002: ; expected [C:\Users\creat\Documents\My Games\Terraria\tModLoader\ModSources\MagnumOpus\MagnumOpus.csproj]
C:\Users\creat\Documents\My Games\Terraria\tModLoader\ModSources\MagnumOpus\Content\OdeToJoy\Weapons\TheStandingOvation\TheStandingOvation.cs(90,42): error CS1513: } expected [C:\Users\creat\Documents\My Games\Terraria\tModLoader\ModSources\MagnumOpus\MagnumOpus.csproj]
C:\Users\creat\Documents\My Games\Terraria\tModLoader\ModSources\MagnumOpus\Content\OdeToJoy\Weapons\FountainOfJoyousHarmony\Projectiles\FountainProjectiles.cs(297,37): error CS1513: } expected [C:\Users\creat\Documents\My Games\Terraria\tModLoader\ModSources\MagnumOpus\MagnumOpus.csproj]
C:\Users\creat\Documents\My Games\Terraria\tModLoader\ModSources\MagnumOpus\Content\OdeToJoy\Weapons\FountainOfJoyousHarmony\Projectiles\FountainProjectiles.cs(297,46): error CS1002: ; expected [C:\Users\creat\Documents\My Games\Terraria\tModLoader\ModSources\MagnumOpus\MagnumOpus.csproj]
C:\Users\creat\Documents\My Games\Terraria\tModLoader\ModSources\MagnumOpus\Content\OdeToJoy\Weapons\FountainOfJoyousHarmony\Projectiles\FountainProjectiles.cs(297,46): error CS1513: } expected [C:\Users\creat\Documents\My Games\Terraria\tModLoader\ModSources\MagnumOpus\MagnumOpus.csproj]
C:\Users\creat\Documents\My Games\Terraria\tModLoader\ModSources\MagnumOpus\Content\OdeToJoy\Weapons\TheStandingOvation\TheStandingOvation.cs(90,48): error CS1002: ; expected [C:\Users\creat\Documents\My Games\Terraria\tModLoader\ModSources\MagnumOpus\MagnumOpus.csproj]
C:\Users\creat\Documents\My Games\Terraria\tModLoader\ModSources\MagnumOpus\Content\OdeToJoy\Weapons\FountainOfJoyousHarmony\Projectiles\FountainProjectiles.cs(297,52): error CS1002: ; expected [C:\Users\creat\Documents\My Games\Terraria\tModLoader\ModSources\MagnumOpus\MagnumOpus.csproj]
C:\Users\creat\Documents\My Games\Terraria\tModLoader\ModSources\MagnumOpus\Content\OdeToJoy\Weapons\TheStandingOvation\TheStandingOvation.cs(90,48): error CS1513: } expected [C:\Users\creat\Documents\My Games\Terraria\tModLoader\ModSources\MagnumOpus\MagnumOpus.csproj]
C:\Users\creat\Documents\My Games\Terraria\tModLoader\ModSources\MagnumOpus\Content\OdeToJoy\Weapons\FountainOfJoyousHarmony\Projectiles\FountainProjectiles.cs(297,52): error CS1513: } expected [C:\Users\creat\Documents\My Games\Terraria\tModLoader\ModSources\MagnumOpus\MagnumOpus.csproj]
C:\Users\creat\Documents\My Games\Terraria\tModLoader\ModSources\MagnumOpus\Content\OdeToJoy\Weapons\FountainOfJoyousHarmony\Projectiles\FountainProjectiles.cs(302,9): error CS1519: Invalid token '}' in a member declaration [C:\Users\creat\Documents\My Games\Terraria\tModLoader\ModSources\MagnumOpus\MagnumOpus.csproj]
C:\Users\creat\Documents\My Games\Terraria\tModLoader\ModSources\MagnumOpus\Content\OdeToJoy\Weapons\FountainOfJoyousHarmony\Projectiles\FountainProjectiles.cs(309,6): error CS1513: } expected [C:\Users\creat\Documents\My Games\Terraria\tModLoader\ModSources\MagnumOpus\MagnumOpus.csproj]
C:\Users\creat\Documents\My Games\Terraria\tModLoader\ModSources\MagnumOpus\Content\OdeToJoy\Weapons\FountainOfJoyousHarmony\Projectiles\FountainProjectiles.cs(373,1): error CS1022: Type or namespace definition, or end-of-file expected [C:\Users\creat\Documents\My Games\Terraria\tModLoader\ModSources\MagnumOpus\MagnumOpus.csproj]
    0 Warning(s)
    99 Error(s)

Time Elapsed 00:00:10.05
